// Jest Snapshot v1, https://goo.gl/fbAQLP

exports[`rpc.event event::changes 1`] = `
Object {
  "datetime": 1541360022.3831,
  "result": Array [
    Object {
      "datetime": 1541359862.6922,
      "name": "cmd::update",
      "option": Object {
        "cmd_id": "557",
        "collectDate": "2018-11-04 20:31:02",
        "display_value": "Aucun",
        "value": "Aucun",
        "valueDate": "2018-11-03 00:00:05",
      },
    },
  ],
}
`;
