// Jest Snapshot v1, https://goo.gl/fbAQLP

exports[`rpc.event event::changes 1`] = `
Object {
  "datetime": 1541448131.741,
  "result": Array [
    Object {
      "datetime": 1541448004.9389,
      "name": "cmd::update",
      "option": Object {
        "cmd_id": "188",
        "collectDate": "2018-11-05 21:00:04",
        "display_value": "15G",
        "value": "15G",
        "valueDate": "2017-10-02 10:02:13",
      },
    },
  ],
}
`;
