// Jest Snapshot v1, https://goo.gl/fbAQLP

exports[`jeedom-node api config config::byKey 1`] = `"Jeedom"`;

exports[`jeedom-node api config config::save 1`] = `
Array [
  null,
  "test",
  null,
]
`;

exports[`jeedom-node api datetime 1`] = `1541326095.9178`;

exports[`jeedom-node api event event::changes 1`] = `
Object {
  "datetime": 1541326094.048,
  "result": Array [
    Object {
      "datetime": 1541325903.4416,
      "name": "eqLogic::update",
      "option": Object {
        "eqLogic_id": "97",
      },
    },
  ],
}
`;

exports[`jeedom-node api object object::all 1`] = `
Array [
  Object {
    "configuration": Object {},
    "display": Object {},
    "father_id": null,
    "id": "13",
    "isVisible": "1",
    "name": "Automatismes",
    "position": null,
  },
]
`;

exports[`jeedom-node api ping 1`] = `"pong"`;

exports[`jeedom-node api version 1`] = `"3.2.11"`;
