// Jest Snapshot v1, https://goo.gl/fbAQLP

exports[`jeedom-node api config config::byKey 1`] = `"Jeedom"`;

exports[`jeedom-node api config config::save 1`] = `
Array [
  null,
  "test",
  null,
]
`;

exports[`jeedom-node api datetime 1`] = `1541277799.1366`;

exports[`jeedom-node api event event::changes 1`] = `
Object {
  "datetime": 1541277797.5807,
  "result": Array [
    Object {
      "datetime": 1541277536.4394,
      "name": "eibd::monitor",
      "option": "{\\"Mode\\":\\"Write\\",\\"AdresseGroupe\\":\\"1\\\\/0\\\\/6\\",\\"AdressePhysique\\":\\"15.15.255\\",\\"data\\":\\"0x  01 4d\\",\\"valeur\\":[1,77],\\"DataPointType\\":\\"1.xxx\\",\\"cmdJeedom\\":\\"La commande n'exites pas\\",\\"datetime\\":\\"03-11-2018 21:38:56\\"}",
    },
    Object {
      "datetime": 1541277537.9888,
      "name": "eibd::monitor",
      "option": "{\\"Mode\\":\\"Write\\",\\"AdresseGroupe\\":\\"1\\\\/1\\\\/5\\",\\"AdressePhysique\\":\\"15.15.255\\",\\"data\\":\\"0x  0c 1f\\",\\"valeur\\":[12,31],\\"DataPointType\\":\\"1.xxx\\",\\"cmdJeedom\\":\\"La commande n'exites pas\\",\\"datetime\\":\\"03-11-2018 21:38:57\\"}",
    },
    Object {
      "datetime": 1541277540.2986,
      "name": "eibd::monitor",
      "option": "{\\"Mode\\":\\"Write\\",\\"AdresseGroupe\\":\\"1\\\\/1\\\\/9\\",\\"AdressePhysique\\":\\"1.1.31\\",\\"data\\":\\"0x  04 6a\\",\\"valeur\\":[4,106],\\"DataPointType\\":\\"1.xxx\\",\\"cmdJeedom\\":\\"La commande n'exites pas\\",\\"datetime\\":\\"03-11-2018 21:39:00\\"}",
    },
    Object {
      "datetime": 1541277541.4632,
      "name": "eibd::monitor",
      "option": "{\\"Mode\\":\\"Write\\",\\"AdresseGroupe\\":\\"1\\\\/0\\\\/6\\",\\"AdressePhysique\\":\\"15.15.255\\",\\"data\\":\\"0x  01 8e\\",\\"valeur\\":[1,142],\\"DataPointType\\":\\"1.xxx\\",\\"cmdJeedom\\":\\"La commande n'exites pas\\",\\"datetime\\":\\"03-11-2018 21:39:01\\"}",
    },
    Object {
      "datetime": 1541277542.864,
      "name": "eqLogic::update",
      "option": Object {
        "eqLogic_id": "91",
      },
    },
    Object {
      "datetime": 1541277542.8744,
      "name": "eqLogic::update",
      "option": Object {
        "eqLogic_id": "92",
      },
    },
    Object {
      "datetime": 1541277542.8845,
      "name": "eqLogic::update",
      "option": Object {
        "eqLogic_id": "90",
      },
    },
    Object {
      "datetime": 1541277542.9081,
      "name": "cmd::update",
      "option": Object {
        "cmd_id": "555",
        "collectDate": "2018-11-03 21:39:02",
        "display_value": "Aucun",
        "value": "Aucun",
        "valueDate": "2018-10-29 00:00:04",
      },
    },
    Object {
      "datetime": 1541277542.9224,
      "name": "cmd::update",
      "option": Object {
        "cmd_id": "556",
        "collectDate": "2018-11-03 21:39:02",
        "display_value": "10:00;11:00;;Arroser les fleurs;55C8BE0F-C10A-45FA-A3BF-6CF66C739657;;1518943899;939 Côte du Geolier82200 MoissacFrance",
        "value": "10:00;11:00;;Arroser les fleurs;55C8BE0F-C10A-45FA-A3BF-6CF66C739657;;1518943899;939 Côte du Geolier82200 MoissacFrance",
        "valueDate": "2018-11-03 00:00:05",
      },
    },
    Object {
      "datetime": 1541277542.9333,
      "name": "cmd::update",
      "option": Object {
        "cmd_id": "557",
        "collectDate": "2018-11-03 21:39:02",
        "display_value": "Aucun",
        "value": "Aucun",
        "valueDate": "2018-11-03 00:00:05",
      },
    },
    Object {
      "datetime": 1541277542.9443,
      "name": "cmd::update",
      "option": Object {
        "cmd_id": "558",
        "collectDate": "2018-11-03 21:39:02",
        "display_value": "Aucun",
        "value": "Aucun",
        "valueDate": "2018-11-02 00:00:05",
      },
    },
    Object {
      "datetime": 1541277542.9551,
      "name": "cmd::update",
      "option": Object {
        "cmd_id": "559",
        "collectDate": "2018-11-03 21:39:02",
        "display_value": "Aucun",
        "value": "Aucun",
        "valueDate": "2018-11-01 00:00:05",
      },
    },
    Object {
      "datetime": 1541277542.966,
      "name": "cmd::update",
      "option": Object {
        "cmd_id": "560",
        "collectDate": "2018-11-03 21:39:02",
        "display_value": "Aucun",
        "value": "Aucun",
        "valueDate": "2018-10-31 00:00:05",
      },
    },
    Object {
      "datetime": 1541277542.977,
      "name": "cmd::update",
      "option": Object {
        "cmd_id": "561",
        "collectDate": "2018-11-03 21:39:02",
        "display_value": "Aucun",
        "value": "Aucun",
        "valueDate": "2018-10-30 00:00:05",
      },
    },
    Object {
      "datetime": 1541277542.9874,
      "name": "eqLogic::update",
      "option": Object {
        "eqLogic_id": "97",
      },
    },
    Object {
      "datetime": 1541277545.7092,
      "name": "eibd::monitor",
      "option": "{\\"Mode\\":\\"Write\\",\\"AdresseGroupe\\":\\"1\\\\/1\\\\/13\\",\\"AdressePhysique\\":\\"1.1.44\\",\\"data\\":\\"0x  80 1c\\",\\"valeur\\":[128,28],\\"DataPointType\\":\\"1.xxx\\",\\"cmdJeedom\\":\\"La commande n'exites pas\\",\\"datetime\\":\\"03-11-2018 21:39:05\\"}",
    },
    Object {
      "datetime": 1541277546.6101,
      "name": "eibd::monitor",
      "option": "{\\"Mode\\":\\"Write\\",\\"AdresseGroupe\\":\\"1\\\\/1\\\\/12\\",\\"AdressePhysique\\":\\"1.1.44\\",\\"data\\":\\"0x  8b af\\",\\"valeur\\":[139,175],\\"DataPointType\\":\\"1.xxx\\",\\"cmdJeedom\\":\\"La commande n'exites pas\\",\\"datetime\\":\\"03-11-2018 21:39:06\\"}",
    },
    Object {
      "datetime": 1541277548.266,
      "name": "eibd::monitor",
      "option": "{\\"Mode\\":\\"Write\\",\\"AdresseGroupe\\":\\"6\\\\/0\\\\/8\\",\\"AdressePhysique\\":\\"1.1.10\\",\\"data\\":\\"0x 1\\",\\"valeur\\":1,\\"DataPointType\\":\\"1.xxx\\",\\"cmdJeedom\\":\\"La commande n'exites pas\\",\\"datetime\\":\\"03-11-2018 21:39:08\\"}",
    },
    Object {
      "datetime": 1541277551.1858,
      "name": "eibd::monitor",
      "option": "{\\"Mode\\":\\"Write\\",\\"AdresseGroupe\\":\\"6\\\\/0\\\\/29\\",\\"AdressePhysique\\":\\"1.1.47\\",\\"data\\":\\"0x 1\\",\\"valeur\\":1,\\"DataPointType\\":\\"1.xxx\\",\\"cmdJeedom\\":\\"La commande n'exites pas\\",\\"datetime\\":\\"03-11-2018 21:39:11\\"}",
    },
    Object {
      "datetime": 1541277551.2084,
      "name": "eibd::monitor",
      "option": "{\\"Mode\\":\\"Write\\",\\"AdresseGroupe\\":\\"6\\\\/3\\\\/32\\",\\"AdressePhysique\\":\\"1.1.46\\",\\"data\\":\\"0x 1\\",\\"valeur\\":1,\\"DataPointType\\":\\"1.xxx\\",\\"cmdJeedom\\":\\"La commande n'exites pas\\",\\"datetime\\":\\"03-11-2018 21:39:11\\"}",
    },
    Object {
      "datetime": 1541277553.1613,
      "name": "eibd::monitor",
      "option": "{\\"Mode\\":\\"Write\\",\\"AdresseGroupe\\":\\"6\\\\/0\\\\/8\\",\\"AdressePhysique\\":\\"1.1.10\\",\\"data\\":\\"0x 1\\",\\"valeur\\":1,\\"DataPointType\\":\\"1.xxx\\",\\"cmdJeedom\\":\\"La commande n'exites pas\\",\\"datetime\\":\\"03-11-2018 21:39:13\\"}",
    },
    Object {
      "datetime": 1541277554.2213,
      "name": "eibd::monitor",
      "option": "{\\"Mode\\":\\"Write\\",\\"AdresseGroupe\\":\\"4\\\\/3\\\\/4\\",\\"AdressePhysique\\":\\"15.15.255\\",\\"data\\":\\"0x 1\\",\\"valeur\\":1,\\"DataPointType\\":\\"1.xxx\\",\\"cmdJeedom\\":\\"La commande n'exites pas\\",\\"datetime\\":\\"03-11-2018 21:39:14\\"}",
    },
    Object {
      "datetime": 1541277554.766,
      "name": "eibd::monitor",
      "option": "{\\"Mode\\":\\"Write\\",\\"AdresseGroupe\\":\\"6\\\\/0\\\\/10\\",\\"AdressePhysique\\":\\"1.1.10\\",\\"data\\":\\"0x 1\\",\\"valeur\\":1,\\"DataPointType\\":\\"1.xxx\\",\\"cmdJeedom\\":\\"La commande n'exites pas\\",\\"datetime\\":\\"03-11-2018 21:39:14\\"}",
    },
    Object {
      "datetime": 1541277556.5585,
      "name": "cmd::update",
      "option": Object {
        "alertLevel": "none",
        "cmd_id": "358",
        "collectDate": "2018-11-03 21:39:16",
        "display_value": 5.7,
        "value": 5.7,
        "valueDate": "2018-11-03 21:39:16",
      },
    },
    Object {
      "datetime": 1541277556.6064,
      "name": "eibd::monitor",
      "option": "{\\"Mode\\":\\"Write\\",\\"AdresseGroupe\\":\\"1\\\\/3\\\\/4\\",\\"AdressePhysique\\":\\"1.1.41\\",\\"data\\":\\"0x  02 3a\\",\\"valeur\\":\\"5.7\\\\u00b0C\\",\\"cmdJeedom\\":\\"[Ext\\\\u00e9rieurs][Station M\\\\u00e9t\\\\u00e9o][Temp\\\\u00e9rature]\\",\\"DataPointType\\":\\"9.001\\",\\"datetime\\":\\"03-11-2018 21:39:16\\"}",
    },
    Object {
      "datetime": 1541277556.6349,
      "name": "cmd::update",
      "option": Object {
        "cmd_id": "357",
        "collectDate": "2018-11-03 21:39:16",
        "display_value": 0,
        "value": 0,
        "valueDate": "2018-11-03 19:52:17",
      },
    },
    Object {
      "datetime": 1541277556.6729,
      "name": "eibd::monitor",
      "option": "{\\"Mode\\":\\"Write\\",\\"AdresseGroupe\\":\\"1\\\\/3\\\\/2\\",\\"AdressePhysique\\":\\"1.1.41\\",\\"data\\":\\"0x  00 00\\",\\"valeur\\":\\"0m\\\\/s\\",\\"cmdJeedom\\":\\"[Ext\\\\u00e9rieurs][Station M\\\\u00e9t\\\\u00e9o][Vent]\\",\\"DataPointType\\":\\"9.005\\",\\"datetime\\":\\"03-11-2018 21:39:16\\"}",
    },
    Object {
      "datetime": 1541277556.6951,
      "name": "eibd::monitor",
      "option": "{\\"Mode\\":\\"Write\\",\\"AdresseGroupe\\":\\"1\\\\/1\\\\/12\\",\\"AdressePhysique\\":\\"1.1.44\\",\\"data\\":\\"0x  8b 8c\\",\\"valeur\\":[139,140],\\"DataPointType\\":\\"1.xxx\\",\\"cmdJeedom\\":\\"La commande n'exites pas\\",\\"datetime\\":\\"03-11-2018 21:39:16\\"}",
    },
    Object {
      "datetime": 1541277557.1872,
      "name": "eibd::monitor",
      "option": "{\\"Mode\\":\\"Write\\",\\"AdresseGroupe\\":\\"6\\\\/0\\\\/4\\",\\"AdressePhysique\\":\\"15.15.255\\",\\"data\\":\\"0x 1\\",\\"valeur\\":1,\\"DataPointType\\":\\"1.xxx\\",\\"cmdJeedom\\":\\"La commande n'exites pas\\",\\"datetime\\":\\"03-11-2018 21:39:17\\"}",
    },
    Object {
      "datetime": 1541277557.2083,
      "name": "eibd::monitor",
      "option": "{\\"Mode\\":\\"Write\\",\\"AdresseGroupe\\":\\"6\\\\/3\\\\/1\\",\\"AdressePhysique\\":\\"1.1.3\\",\\"data\\":\\"0x 1\\",\\"valeur\\":1,\\"DataPointType\\":\\"1.xxx\\",\\"cmdJeedom\\":\\"La commande n'exites pas\\",\\"datetime\\":\\"03-11-2018 21:39:17\\"}",
    },
    Object {
      "datetime": 1541277557.8554,
      "name": "eibd::monitor",
      "option": "{\\"Mode\\":\\"Write\\",\\"AdresseGroupe\\":\\"1\\\\/0\\\\/6\\",\\"AdressePhysique\\":\\"15.15.255\\",\\"data\\":\\"0x  01 82\\",\\"valeur\\":[1,130],\\"DataPointType\\":\\"1.xxx\\",\\"cmdJeedom\\":\\"La commande n'exites pas\\",\\"datetime\\":\\"03-11-2018 21:39:17\\"}",
    },
    Object {
      "datetime": 1541277558.1629,
      "name": "eibd::monitor",
      "option": "{\\"Mode\\":\\"Write\\",\\"AdresseGroupe\\":\\"6\\\\/0\\\\/8\\",\\"AdressePhysique\\":\\"1.1.10\\",\\"data\\":\\"0x 1\\",\\"valeur\\":1,\\"DataPointType\\":\\"1.xxx\\",\\"cmdJeedom\\":\\"La commande n'exites pas\\",\\"datetime\\":\\"03-11-2018 21:39:18\\"}",
    },
    Object {
      "datetime": 1541277559.6621,
      "name": "eibd::monitor",
      "option": "{\\"Mode\\":\\"Write\\",\\"AdresseGroupe\\":\\"6\\\\/0\\\\/10\\",\\"AdressePhysique\\":\\"1.1.10\\",\\"data\\":\\"0x 1\\",\\"valeur\\":1,\\"DataPointType\\":\\"1.xxx\\",\\"cmdJeedom\\":\\"La commande n'exites pas\\",\\"datetime\\":\\"03-11-2018 21:39:19\\"}",
    },
    Object {
      "datetime": 1541277562.8352,
      "name": "eibd::monitor",
      "option": "{\\"Mode\\":\\"Write\\",\\"AdresseGroupe\\":\\"1\\\\/0\\\\/6\\",\\"AdressePhysique\\":\\"15.15.255\\",\\"data\\":\\"0x  01 33\\",\\"valeur\\":[1,51],\\"DataPointType\\":\\"1.xxx\\",\\"cmdJeedom\\":\\"La commande n'exites pas\\",\\"datetime\\":\\"03-11-2018 21:39:22\\"}",
    },
    Object {
      "datetime": 1541277563.1647,
      "name": "eibd::monitor",
      "option": "{\\"Mode\\":\\"Write\\",\\"AdresseGroupe\\":\\"6\\\\/0\\\\/8\\",\\"AdressePhysique\\":\\"1.1.10\\",\\"data\\":\\"0x 1\\",\\"valeur\\":1,\\"DataPointType\\":\\"1.xxx\\",\\"cmdJeedom\\":\\"La commande n'exites pas\\",\\"datetime\\":\\"03-11-2018 21:39:23\\"}",
    },
    Object {
      "datetime": 1541277564.6626,
      "name": "eibd::monitor",
      "option": "{\\"Mode\\":\\"Write\\",\\"AdresseGroupe\\":\\"6\\\\/0\\\\/10\\",\\"AdressePhysique\\":\\"1.1.10\\",\\"data\\":\\"0x 1\\",\\"valeur\\":1,\\"DataPointType\\":\\"1.xxx\\",\\"cmdJeedom\\":\\"La commande n'exites pas\\",\\"datetime\\":\\"03-11-2018 21:39:24\\"}",
    },
    Object {
      "datetime": 1541277565.2201,
      "name": "eibd::monitor",
      "option": "{\\"Mode\\":\\"Write\\",\\"AdresseGroupe\\":\\"1\\\\/1\\\\/6\\",\\"AdressePhysique\\":\\"15.15.255\\",\\"data\\":\\"0x  07 58\\",\\"valeur\\":[7,88],\\"DataPointType\\":\\"1.xxx\\",\\"cmdJeedom\\":\\"La commande n'exites pas\\",\\"datetime\\":\\"03-11-2018 21:39:25\\"}",
    },
    Object {
      "datetime": 1541277565.7046,
      "name": "eibd::monitor",
      "option": "{\\"Mode\\":\\"Write\\",\\"AdresseGroupe\\":\\"1\\\\/1\\\\/13\\",\\"AdressePhysique\\":\\"1.1.44\\",\\"data\\":\\"0x  8b f5\\",\\"valeur\\":[139,245],\\"DataPointType\\":\\"1.xxx\\",\\"cmdJeedom\\":\\"La commande n'exites pas\\",\\"datetime\\":\\"03-11-2018 21:39:25\\"}",
    },
    Object {
      "datetime": 1541277567.8337,
      "name": "eibd::monitor",
      "option": "{\\"Mode\\":\\"Write\\",\\"AdresseGroupe\\":\\"1\\\\/0\\\\/6\\",\\"AdressePhysique\\":\\"15.15.255\\",\\"data\\":\\"0x  01 19\\",\\"valeur\\":[1,25],\\"DataPointType\\":\\"1.xxx\\",\\"cmdJeedom\\":\\"La commande n'exites pas\\",\\"datetime\\":\\"03-11-2018 21:39:27\\"}",
    },
    Object {
      "datetime": 1541277568.1638,
      "name": "eibd::monitor",
      "option": "{\\"Mode\\":\\"Write\\",\\"AdresseGroupe\\":\\"6\\\\/0\\\\/10\\",\\"AdressePhysique\\":\\"1.1.10\\",\\"data\\":\\"0x 0\\",\\"valeur\\":0,\\"DataPointType\\":\\"1.xxx\\",\\"cmdJeedom\\":\\"La commande n'exites pas\\",\\"datetime\\":\\"03-11-2018 21:39:28\\"}",
    },
    Object {
      "datetime": 1541277568.1846,
      "name": "eibd::monitor",
      "option": "{\\"Mode\\":\\"Write\\",\\"AdresseGroupe\\":\\"6\\\\/0\\\\/8\\",\\"AdressePhysique\\":\\"1.1.10\\",\\"data\\":\\"0x 1\\",\\"valeur\\":1,\\"DataPointType\\":\\"1.xxx\\",\\"cmdJeedom\\":\\"La commande n'exites pas\\",\\"datetime\\":\\"03-11-2018 21:39:28\\"}",
    },
    Object {
      "datetime": 1541277570.1603,
      "name": "eibd::monitor",
      "option": "{\\"Mode\\":\\"Write\\",\\"AdresseGroupe\\":\\"6\\\\/0\\\\/8\\",\\"AdressePhysique\\":\\"1.1.10\\",\\"data\\":\\"0x 0\\",\\"valeur\\":0,\\"DataPointType\\":\\"1.xxx\\",\\"cmdJeedom\\":\\"La commande n'exites pas\\",\\"datetime\\":\\"03-11-2018 21:39:30\\"}",
    },
    Object {
      "datetime": 1541277570.1823,
      "name": "eibd::monitor",
      "option": "{\\"Mode\\":\\"Write\\",\\"AdresseGroupe\\":\\"6\\\\/2\\\\/1\\",\\"AdressePhysique\\":\\"1.1.4\\",\\"data\\":\\"0x 0\\",\\"valeur\\":0,\\"DataPointType\\":\\"1.xxx\\",\\"cmdJeedom\\":\\"La commande n'exites pas\\",\\"datetime\\":\\"03-11-2018 21:39:30\\"}",
    },
    Object {
      "datetime": 1541277570.2997,
      "name": "eibd::monitor",
      "option": "{\\"Mode\\":\\"Write\\",\\"AdresseGroupe\\":\\"1\\\\/1\\\\/9\\",\\"AdressePhysique\\":\\"1.1.31\\",\\"data\\":\\"0x  04 6a\\",\\"valeur\\":[4,106],\\"DataPointType\\":\\"1.xxx\\",\\"cmdJeedom\\":\\"La commande n'exites pas\\",\\"datetime\\":\\"03-11-2018 21:39:30\\"}",
    },
    Object {
      "datetime": 1541277571.7638,
      "name": "eibd::monitor",
      "option": "{\\"Mode\\":\\"Write\\",\\"AdresseGroupe\\":\\"6\\\\/0\\\\/10\\",\\"AdressePhysique\\":\\"1.1.10\\",\\"data\\":\\"0x 1\\",\\"valeur\\":1,\\"DataPointType\\":\\"1.xxx\\",\\"cmdJeedom\\":\\"La commande n'exites pas\\",\\"datetime\\":\\"03-11-2018 21:39:31\\"}",
    },
    Object {
      "datetime": 1541277572.8377,
      "name": "eibd::monitor",
      "option": "{\\"Mode\\":\\"Write\\",\\"AdresseGroupe\\":\\"1\\\\/0\\\\/6\\",\\"AdressePhysique\\":\\"15.15.255\\",\\"data\\":\\"0x  01 24\\",\\"valeur\\":[1,36],\\"DataPointType\\":\\"1.xxx\\",\\"cmdJeedom\\":\\"La commande n'exites pas\\",\\"datetime\\":\\"03-11-2018 21:39:32\\"}",
    },
    Object {
      "datetime": 1541277573.3884,
      "name": "eibd::monitor",
      "option": "{\\"Mode\\":\\"Write\\",\\"AdresseGroupe\\":\\"6\\\\/1\\\\/4\\",\\"AdressePhysique\\":\\"1.1.10\\",\\"data\\":\\"0x 1\\",\\"valeur\\":1,\\"DataPointType\\":\\"1.xxx\\",\\"cmdJeedom\\":\\"La commande n'exites pas\\",\\"datetime\\":\\"03-11-2018 21:39:33\\"}",
    },
    Object {
      "datetime": 1541277573.594,
      "name": "cmd::update",
      "option": Object {
        "cmd_id": "373",
        "collectDate": "2018-11-03 21:39:33",
        "display_value": 15.2,
        "value": 15.2,
        "valueDate": "2018-11-03 21:37:33",
      },
    },
    Object {
      "datetime": 1541277573.6132,
      "name": "eibd::monitor",
      "option": "{\\"Mode\\":\\"Write\\",\\"AdresseGroupe\\":\\"1\\\\/1\\\\/8\\",\\"AdressePhysique\\":\\"1.1.28\\",\\"data\\":\\"0x  05 f0\\",\\"valeur\\":\\"15.2\\\\u00b0C\\",\\"cmdJeedom\\":\\"[D\\\\u00e9pendances][Chauffage Chambre invit\\\\u00e9][Temp\\\\u00e9rature ambiante]\\",\\"DataPointType\\":\\"9.001\\",\\"datetime\\":\\"03-11-2018 21:39:33\\"}",
    },
    Object {
      "datetime": 1541277575.5737,
      "name": "cmd::update",
      "option": Object {
        "alertLevel": "none",
        "cmd_id": "356",
        "collectDate": "2018-11-03 21:39:35",
        "display_value": 0,
        "value": 0,
        "valueDate": "2018-11-03 21:33:35",
      },
    },
    Object {
      "datetime": 1541277575.6115,
      "name": "eibd::monitor",
      "option": "{\\"Mode\\":\\"Write\\",\\"AdresseGroupe\\":\\"1\\\\/3\\\\/3\\",\\"AdressePhysique\\":\\"1.1.41\\",\\"data\\":\\"0x 0\\",\\"valeur\\":\\"0\\",\\"cmdJeedom\\":\\"[Ext\\\\u00e9rieurs][Station M\\\\u00e9t\\\\u00e9o][Pluie]\\",\\"DataPointType\\":\\"1.001\\",\\"datetime\\":\\"03-11-2018 21:39:35\\"}",
    },
    Object {
      "datetime": 1541277575.6352,
      "name": "eibd::monitor",
      "option": "{\\"Mode\\":\\"Write\\",\\"AdresseGroupe\\":\\"1\\\\/4\\\\/1\\",\\"AdressePhysique\\":\\"1.1.41\\",\\"data\\":\\"0x 0\\",\\"valeur\\":0,\\"DataPointType\\":\\"1.xxx\\",\\"cmdJeedom\\":\\"La commande n'exites pas\\",\\"datetime\\":\\"03-11-2018 21:39:35\\"}",
    },
    Object {
      "datetime": 1541277575.9142,
      "name": "scenario::update",
      "option": Object {
        "lastLaunch": "2018-11-03 21:39:35",
        "scenario_id": "27",
        "state": "in progress",
      },
    },
    Object {
      "datetime": 1541277575.9916,
      "name": "scenario::update",
      "option": Object {
        "lastLaunch": "2018-11-03 21:39:35",
        "scenario_id": "27",
        "state": "stop",
      },
    },
    Object {
      "datetime": 1541277576.6628,
      "name": "eibd::monitor",
      "option": "{\\"Mode\\":\\"Write\\",\\"AdresseGroupe\\":\\"6\\\\/0\\\\/10\\",\\"AdressePhysique\\":\\"1.1.10\\",\\"data\\":\\"0x 1\\",\\"valeur\\":1,\\"DataPointType\\":\\"1.xxx\\",\\"cmdJeedom\\":\\"La commande n'exites pas\\",\\"datetime\\":\\"03-11-2018 21:39:36\\"}",
    },
    Object {
      "datetime": 1541277577.8304,
      "name": "eibd::monitor",
      "option": "{\\"Mode\\":\\"Write\\",\\"AdresseGroupe\\":\\"1\\\\/0\\\\/6\\",\\"AdressePhysique\\":\\"15.15.255\\",\\"data\\":\\"0x  01 7c\\",\\"valeur\\":[1,124],\\"DataPointType\\":\\"1.xxx\\",\\"cmdJeedom\\":\\"La commande n'exites pas\\",\\"datetime\\":\\"03-11-2018 21:39:37\\"}",
    },
    Object {
      "datetime": 1541277581.6627,
      "name": "eibd::monitor",
      "option": "{\\"Mode\\":\\"Write\\",\\"AdresseGroupe\\":\\"6\\\\/0\\\\/10\\",\\"AdressePhysique\\":\\"1.1.10\\",\\"data\\":\\"0x 1\\",\\"valeur\\":1,\\"DataPointType\\":\\"1.xxx\\",\\"cmdJeedom\\":\\"La commande n'exites pas\\",\\"datetime\\":\\"03-11-2018 21:39:41\\"}",
    },
    Object {
      "datetime": 1541277582.8359,
      "name": "eibd::monitor",
      "option": "{\\"Mode\\":\\"Write\\",\\"AdresseGroupe\\":\\"1\\\\/0\\\\/6\\",\\"AdressePhysique\\":\\"15.15.255\\",\\"data\\":\\"0x  01 a0\\",\\"valeur\\":[1,160],\\"DataPointType\\":\\"1.xxx\\",\\"cmdJeedom\\":\\"La commande n'exites pas\\",\\"datetime\\":\\"03-11-2018 21:39:42\\"}",
    },
    Object {
      "datetime": 1541277582.8847,
      "name": "eibd::monitor",
      "option": "{\\"Mode\\":\\"Write\\",\\"AdresseGroupe\\":\\"6\\\\/0\\\\/29\\",\\"AdressePhysique\\":\\"1.1.47\\",\\"data\\":\\"0x 0\\",\\"valeur\\":0,\\"DataPointType\\":\\"1.xxx\\",\\"cmdJeedom\\":\\"La commande n'exites pas\\",\\"datetime\\":\\"03-11-2018 21:39:42\\"}",
    },
    Object {
      "datetime": 1541277582.9053,
      "name": "eibd::monitor",
      "option": "{\\"Mode\\":\\"Write\\",\\"AdresseGroupe\\":\\"6\\\\/3\\\\/32\\",\\"AdressePhysique\\":\\"1.1.46\\",\\"data\\":\\"0x 0\\",\\"valeur\\":0,\\"DataPointType\\":\\"1.xxx\\",\\"cmdJeedom\\":\\"La commande n'exites pas\\",\\"datetime\\":\\"03-11-2018 21:39:42\\"}",
    },
    Object {
      "datetime": 1541277582.9806,
      "name": "eibd::monitor",
      "option": "{\\"Mode\\":\\"Write\\",\\"AdresseGroupe\\":\\"4\\\\/3\\\\/5\\",\\"AdressePhysique\\":\\"15.15.255\\",\\"data\\":\\"0x 1\\",\\"valeur\\":1,\\"DataPointType\\":\\"1.xxx\\",\\"cmdJeedom\\":\\"La commande n'exites pas\\",\\"datetime\\":\\"03-11-2018 21:39:42\\"}",
    },
    Object {
      "datetime": 1541277583.2208,
      "name": "cmd::update",
      "option": Object {
        "cmd_id": "1542",
        "collectDate": "2018-11-03 21:39:43",
        "display_value": 3.9,
        "value": 3.9,
        "valueDate": "2018-11-03 21:34:40",
      },
    },
    Object {
      "datetime": 1541277585.7843,
      "name": "eibd::monitor",
      "option": "{\\"Mode\\":\\"Write\\",\\"AdresseGroupe\\":\\"1\\\\/1\\\\/14\\",\\"AdressePhysique\\":\\"1.1.18\\",\\"data\\":\\"0x  01 f4\\",\\"valeur\\":[1,244],\\"DataPointType\\":\\"1.xxx\\",\\"cmdJeedom\\":\\"La commande n'exites pas\\",\\"datetime\\":\\"03-11-2018 21:39:45\\"}",
    },
    Object {
      "datetime": 1541277586.6082,
      "name": "eibd::monitor",
      "option": "{\\"Mode\\":\\"Write\\",\\"AdresseGroupe\\":\\"1\\\\/1\\\\/12\\",\\"AdressePhysique\\":\\"1.1.44\\",\\"data\\":\\"0x  8b 9b\\",\\"valeur\\":[139,155],\\"DataPointType\\":\\"1.xxx\\",\\"cmdJeedom\\":\\"La commande n'exites pas\\",\\"datetime\\":\\"03-11-2018 21:39:46\\"}",
    },
    Object {
      "datetime": 1541277586.6631,
      "name": "eibd::monitor",
      "option": "{\\"Mode\\":\\"Write\\",\\"AdresseGroupe\\":\\"6\\\\/0\\\\/10\\",\\"AdressePhysique\\":\\"1.1.10\\",\\"data\\":\\"0x 1\\",\\"valeur\\":1,\\"DataPointType\\":\\"1.xxx\\",\\"cmdJeedom\\":\\"La commande n'exites pas\\",\\"datetime\\":\\"03-11-2018 21:39:46\\"}",
    },
    Object {
      "datetime": 1541277587.6642,
      "name": "eibd::monitor",
      "option": "{\\"Mode\\":\\"Write\\",\\"AdresseGroupe\\":\\"6\\\\/0\\\\/10\\",\\"AdressePhysique\\":\\"1.1.10\\",\\"data\\":\\"0x 0\\",\\"valeur\\":0,\\"DataPointType\\":\\"1.xxx\\",\\"cmdJeedom\\":\\"La commande n'exites pas\\",\\"datetime\\":\\"03-11-2018 21:39:47\\"}",
    },
    Object {
      "datetime": 1541277589.554,
      "name": "cmd::update",
      "option": Object {
        "cmd_id": "355",
        "collectDate": "2018-11-03 21:39:49",
        "display_value": 1,
        "value": 1,
        "valueDate": "2018-11-03 18:10:50",
      },
    },
    Object {
      "datetime": 1541277589.5928,
      "name": "eibd::monitor",
      "option": "{\\"Mode\\":\\"Write\\",\\"AdresseGroupe\\":\\"1\\\\/3\\\\/1\\",\\"AdressePhysique\\":\\"1.1.41\\",\\"data\\":\\"0x  00 64\\",\\"valeur\\":\\"1lx\\",\\"cmdJeedom\\":\\"[Ext\\\\u00e9rieurs][Station M\\\\u00e9t\\\\u00e9o][Luminosit\\\\u00e9]\\",\\"DataPointType\\":\\"9.004\\",\\"datetime\\":\\"03-11-2018 21:39:49\\"}",
    },
    Object {
      "datetime": 1541277593.5455,
      "name": "cmd::update",
      "option": Object {
        "cmd_id": "1543",
        "collectDate": "2018-11-03 21:39:53",
        "display_value": 0,
        "value": 0,
        "valueDate": "2018-09-21 21:55:05",
      },
    },
    Object {
      "datetime": 1541277595.2223,
      "name": "eibd::monitor",
      "option": "{\\"Mode\\":\\"Write\\",\\"AdresseGroupe\\":\\"1\\\\/1\\\\/6\\",\\"AdressePhysique\\":\\"15.15.255\\",\\"data\\":\\"0x  07 62\\",\\"valeur\\":[7,98],\\"DataPointType\\":\\"1.xxx\\",\\"cmdJeedom\\":\\"La commande n'exites pas\\",\\"datetime\\":\\"03-11-2018 21:39:55\\"}",
    },
    Object {
      "datetime": 1541277595.698,
      "name": "eibd::monitor",
      "option": "{\\"Mode\\":\\"Write\\",\\"AdresseGroupe\\":\\"1\\\\/1\\\\/13\\",\\"AdressePhysique\\":\\"1.1.44\\",\\"data\\":\\"0x  8b fa\\",\\"valeur\\":[139,250],\\"DataPointType\\":\\"1.xxx\\",\\"cmdJeedom\\":\\"La commande n'exites pas\\",\\"datetime\\":\\"03-11-2018 21:39:55\\"}",
    },
    Object {
      "datetime": 1541277598.1331,
      "name": "eibd::monitor",
      "option": "{\\"Mode\\":\\"Write\\",\\"AdresseGroupe\\":\\"1\\\\/0\\\\/6\\",\\"AdressePhysique\\":\\"15.15.255\\",\\"data\\":\\"0x  01 95\\",\\"valeur\\":[1,149],\\"DataPointType\\":\\"1.xxx\\",\\"cmdJeedom\\":\\"La commande n'exites pas\\",\\"datetime\\":\\"03-11-2018 21:39:58\\"}",
    },
    Object {
      "datetime": 1541277600.3014,
      "name": "eibd::monitor",
      "option": "{\\"Mode\\":\\"Write\\",\\"AdresseGroupe\\":\\"1\\\\/1\\\\/9\\",\\"AdressePhysique\\":\\"1.1.31\\",\\"data\\":\\"0x  04 6a\\",\\"valeur\\":[4,106],\\"DataPointType\\":\\"1.xxx\\",\\"cmdJeedom\\":\\"La commande n'exites pas\\",\\"datetime\\":\\"03-11-2018 21:40:00\\"}",
    },
    Object {
      "datetime": 1541277602.7352,
      "name": "scenario::update",
      "option": Object {
        "lastLaunch": "2018-11-03 21:40:02",
        "scenario_id": "42",
        "state": "in progress",
      },
    },
    Object {
      "datetime": 1541277603.0324,
      "name": "eibd::monitor",
      "option": "{\\"Mode\\":\\"Write\\",\\"AdresseGroupe\\":\\"1\\\\/0\\\\/6\\",\\"AdressePhysique\\":\\"15.15.255\\",\\"data\\":\\"0x  01 44\\",\\"valeur\\":[1,68],\\"DataPointType\\":\\"1.xxx\\",\\"cmdJeedom\\":\\"La commande n'exites pas\\",\\"datetime\\":\\"03-11-2018 21:40:03\\"}",
    },
    Object {
      "datetime": 1541277603.3762,
      "name": "eqLogic::update",
      "option": Object {
        "eqLogic_id": "91",
      },
    },
    Object {
      "datetime": 1541277603.3883,
      "name": "eqLogic::update",
      "option": Object {
        "eqLogic_id": "92",
      },
    },
    Object {
      "datetime": 1541277603.4015,
      "name": "eqLogic::update",
      "option": Object {
        "eqLogic_id": "90",
      },
    },
    Object {
      "datetime": 1541277603.438,
      "name": "cmd::update",
      "option": Object {
        "cmd_id": "555",
        "collectDate": "2018-11-03 21:40:03",
        "display_value": "Aucun",
        "value": "Aucun",
        "valueDate": "2018-10-29 00:00:04",
      },
    },
    Object {
      "datetime": 1541277603.458,
      "name": "cmd::update",
      "option": Object {
        "cmd_id": "556",
        "collectDate": "2018-11-03 21:40:03",
        "display_value": "10:00;11:00;;Arroser les fleurs;55C8BE0F-C10A-45FA-A3BF-6CF66C739657;;1518943899;939 Côte du Geolier82200 MoissacFrance",
        "value": "10:00;11:00;;Arroser les fleurs;55C8BE0F-C10A-45FA-A3BF-6CF66C739657;;1518943899;939 Côte du Geolier82200 MoissacFrance",
        "valueDate": "2018-11-03 00:00:05",
      },
    },
    Object {
      "datetime": 1541277603.4734,
      "name": "cmd::update",
      "option": Object {
        "cmd_id": "557",
        "collectDate": "2018-11-03 21:40:03",
        "display_value": "Aucun",
        "value": "Aucun",
        "valueDate": "2018-11-03 00:00:05",
      },
    },
    Object {
      "datetime": 1541277603.4874,
      "name": "cmd::update",
      "option": Object {
        "cmd_id": "558",
        "collectDate": "2018-11-03 21:40:03",
        "display_value": "Aucun",
        "value": "Aucun",
        "valueDate": "2018-11-02 00:00:05",
      },
    },
    Object {
      "datetime": 1541277603.5034,
      "name": "cmd::update",
      "option": Object {
        "cmd_id": "559",
        "collectDate": "2018-11-03 21:40:03",
        "display_value": "Aucun",
        "value": "Aucun",
        "valueDate": "2018-11-01 00:00:05",
      },
    },
    Object {
      "datetime": 1541277603.5173,
      "name": "cmd::update",
      "option": Object {
        "cmd_id": "560",
        "collectDate": "2018-11-03 21:40:03",
        "display_value": "Aucun",
        "value": "Aucun",
        "valueDate": "2018-10-31 00:00:05",
      },
    },
    Object {
      "datetime": 1541277603.5436,
      "name": "cmd::update",
      "option": Object {
        "cmd_id": "561",
        "collectDate": "2018-11-03 21:40:03",
        "display_value": "Aucun",
        "value": "Aucun",
        "valueDate": "2018-10-30 00:00:05",
      },
    },
    Object {
      "datetime": 1541277603.5572,
      "name": "eqLogic::update",
      "option": Object {
        "eqLogic_id": "97",
      },
    },
    Object {
      "datetime": 1541277603.6611,
      "name": "eibd::monitor",
      "option": "{\\"Mode\\":\\"Write\\",\\"AdresseGroupe\\":\\"6\\\\/0\\\\/10\\",\\"AdressePhysique\\":\\"1.1.10\\",\\"data\\":\\"0x 1\\",\\"valeur\\":1,\\"DataPointType\\":\\"1.xxx\\",\\"cmdJeedom\\":\\"La commande n'exites pas\\",\\"datetime\\":\\"03-11-2018 21:40:03\\"}",
    },
    Object {
      "datetime": 1541277603.7679,
      "name": "cmd::update",
      "option": Object {
        "alertLevel": "none",
        "cmd_id": "1868",
        "collectDate": "2018-11-03 21:40:03",
        "display_value": 0,
        "value": 0,
        "valueDate": "2018-11-03 19:15:03",
      },
    },
    Object {
      "datetime": 1541277606.273,
      "name": "eibd::monitor",
      "option": "{\\"Mode\\":\\"Write\\",\\"AdresseGroupe\\":\\"6\\\\/1\\\\/4\\",\\"AdressePhysique\\":\\"1.1.10\\",\\"data\\":\\"0x 0\\",\\"valeur\\":0,\\"DataPointType\\":\\"1.xxx\\",\\"cmdJeedom\\":\\"La commande n'exites pas\\",\\"datetime\\":\\"03-11-2018 21:40:06\\"}",
    },
    Object {
      "datetime": 1541277606.6023,
      "name": "eibd::monitor",
      "option": "{\\"Mode\\":\\"Write\\",\\"AdresseGroupe\\":\\"1\\\\/1\\\\/12\\",\\"AdressePhysique\\":\\"1.1.44\\",\\"data\\":\\"0x  8b b4\\",\\"valeur\\":[139,180],\\"DataPointType\\":\\"1.xxx\\",\\"cmdJeedom\\":\\"La commande n'exites pas\\",\\"datetime\\":\\"03-11-2018 21:40:06\\"}",
    },
    Object {
      "datetime": 1541277608.0276,
      "name": "eibd::monitor",
      "option": "{\\"Mode\\":\\"Write\\",\\"AdresseGroupe\\":\\"1\\\\/0\\\\/6\\",\\"AdressePhysique\\":\\"15.15.255\\",\\"data\\":\\"0x  01 1a\\",\\"valeur\\":[1,26],\\"DataPointType\\":\\"1.xxx\\",\\"cmdJeedom\\":\\"La commande n'exites pas\\",\\"datetime\\":\\"03-11-2018 21:40:08\\"}",
    },
    Object {
      "datetime": 1541277608.6555,
      "name": "eibd::monitor",
      "option": "{\\"Mode\\":\\"Write\\",\\"AdresseGroupe\\":\\"6\\\\/0\\\\/10\\",\\"AdressePhysique\\":\\"1.1.10\\",\\"data\\":\\"0x 1\\",\\"valeur\\":1,\\"DataPointType\\":\\"1.xxx\\",\\"cmdJeedom\\":\\"La commande n'exites pas\\",\\"datetime\\":\\"03-11-2018 21:40:08\\"}",
    },
    Object {
      "datetime": 1541277613.6576,
      "name": "eibd::monitor",
      "option": "{\\"Mode\\":\\"Write\\",\\"AdresseGroupe\\":\\"6\\\\/0\\\\/10\\",\\"AdressePhysique\\":\\"1.1.10\\",\\"data\\":\\"0x 1\\",\\"valeur\\":1,\\"DataPointType\\":\\"1.xxx\\",\\"cmdJeedom\\":\\"La commande n'exites pas\\",\\"datetime\\":\\"03-11-2018 21:40:13\\"}",
    },
    Object {
      "datetime": 1541277614.226,
      "name": "eibd::monitor",
      "option": "{\\"Mode\\":\\"Write\\",\\"AdresseGroupe\\":\\"1\\\\/0\\\\/6\\",\\"AdressePhysique\\":\\"15.15.255\\",\\"data\\":\\"0x  01 26\\",\\"valeur\\":[1,38],\\"DataPointType\\":\\"1.xxx\\",\\"cmdJeedom\\":\\"La commande n'exites pas\\",\\"datetime\\":\\"03-11-2018 21:40:14\\"}",
    },
    Object {
      "datetime": 1541277615.7102,
      "name": "eibd::monitor",
      "option": "{\\"Mode\\":\\"Write\\",\\"AdresseGroupe\\":\\"1\\\\/1\\\\/13\\",\\"AdressePhysique\\":\\"1.1.44\\",\\"data\\":\\"0x  80 58\\",\\"valeur\\":[128,88],\\"DataPointType\\":\\"1.xxx\\",\\"cmdJeedom\\":\\"La commande n'exites pas\\",\\"datetime\\":\\"03-11-2018 21:40:15\\"}",
    },
    Object {
      "datetime": 1541277616.5557,
      "name": "cmd::update",
      "option": Object {
        "cmd_id": "358",
        "collectDate": "2018-11-03 21:40:16",
        "display_value": 5.7,
        "value": 5.7,
        "valueDate": "2018-11-03 21:39:16",
      },
    },
    Object {
      "datetime": 1541277616.5911,
      "name": "eibd::monitor",
      "option": "{\\"Mode\\":\\"Write\\",\\"AdresseGroupe\\":\\"1\\\\/3\\\\/4\\",\\"AdressePhysique\\":\\"1.1.41\\",\\"data\\":\\"0x  02 3a\\",\\"valeur\\":\\"5.7\\\\u00b0C\\",\\"cmdJeedom\\":\\"[Ext\\\\u00e9rieurs][Station M\\\\u00e9t\\\\u00e9o][Temp\\\\u00e9rature]\\",\\"DataPointType\\":\\"9.001\\",\\"datetime\\":\\"03-11-2018 21:40:16\\"}",
    },
    Object {
      "datetime": 1541277616.6074,
      "name": "cmd::update",
      "option": Object {
        "cmd_id": "357",
        "collectDate": "2018-11-03 21:40:16",
        "display_value": 0,
        "value": 0,
        "valueDate": "2018-11-03 19:52:17",
      },
    },
    Object {
      "datetime": 1541277616.7748,
      "name": "eibd::monitor",
      "option": "{\\"Mode\\":\\"Write\\",\\"AdresseGroupe\\":\\"1\\\\/3\\\\/2\\",\\"AdressePhysique\\":\\"1.1.41\\",\\"data\\":\\"0x  00 00\\",\\"valeur\\":\\"0m\\\\/s\\",\\"cmdJeedom\\":\\"[Ext\\\\u00e9rieurs][Station M\\\\u00e9t\\\\u00e9o][Vent]\\",\\"DataPointType\\":\\"9.005\\",\\"datetime\\":\\"03-11-2018 21:40:16\\"}",
    },
    Object {
      "datetime": 1541277616.7972,
      "name": "eibd::monitor",
      "option": "{\\"Mode\\":\\"Write\\",\\"AdresseGroupe\\":\\"1\\\\/1\\\\/12\\",\\"AdressePhysique\\":\\"1.1.44\\",\\"data\\":\\"0x  8b d7\\",\\"valeur\\":[139,215],\\"DataPointType\\":\\"1.xxx\\",\\"cmdJeedom\\":\\"La commande n'exites pas\\",\\"datetime\\":\\"03-11-2018 21:40:16\\"}",
    },
    Object {
      "datetime": 1541277617.026,
      "name": "scenario::update",
      "option": Object {
        "lastLaunch": "2018-11-03 21:40:02",
        "scenario_id": "42",
        "state": "stop",
      },
    },
    Object {
      "datetime": 1541277618.6653,
      "name": "eibd::monitor",
      "option": "{\\"Mode\\":\\"Write\\",\\"AdresseGroupe\\":\\"6\\\\/0\\\\/10\\",\\"AdressePhysique\\":\\"1.1.10\\",\\"data\\":\\"0x 1\\",\\"valeur\\":1,\\"DataPointType\\":\\"1.xxx\\",\\"cmdJeedom\\":\\"La commande n'exites pas\\",\\"datetime\\":\\"03-11-2018 21:40:18\\"}",
    },
    Object {
      "datetime": 1541277619.1376,
      "name": "eibd::monitor",
      "option": "{\\"Mode\\":\\"Write\\",\\"AdresseGroupe\\":\\"1\\\\/0\\\\/6\\",\\"AdressePhysique\\":\\"15.15.255\\",\\"data\\":\\"0x  01 75\\",\\"valeur\\":[1,117],\\"DataPointType\\":\\"1.xxx\\",\\"cmdJeedom\\":\\"La commande n'exites pas\\",\\"datetime\\":\\"03-11-2018 21:40:19\\"}",
    },
    Object {
      "datetime": 1541277620.0164,
      "name": "eibd::monitor",
      "option": "{\\"Mode\\":\\"Write\\",\\"AdresseGroupe\\":\\"1\\\\/0\\\\/4\\",\\"AdressePhysique\\":\\"1.1.6\\",\\"data\\":\\"0x 1\\",\\"valeur\\":1,\\"DataPointType\\":\\"1.xxx\\",\\"cmdJeedom\\":\\"La commande n'exites pas\\",\\"datetime\\":\\"03-11-2018 21:40:20\\"}",
    },
    Object {
      "datetime": 1541277620.0373,
      "name": "eibd::monitor",
      "option": "{\\"Mode\\":\\"Write\\",\\"AdresseGroupe\\":\\"8\\\\/1\\\\/1\\",\\"AdressePhysique\\":\\"1.1.7\\",\\"data\\":\\"0x 0\\",\\"valeur\\":0,\\"DataPointType\\":\\"1.xxx\\",\\"cmdJeedom\\":\\"La commande n'exites pas\\",\\"datetime\\":\\"03-11-2018 21:40:20\\"}",
    },
    Object {
      "datetime": 1541277620.6524,
      "name": "eibd::monitor",
      "option": "{\\"Mode\\":\\"Write\\",\\"AdresseGroupe\\":\\"6\\\\/0\\\\/10\\",\\"AdressePhysique\\":\\"1.1.10\\",\\"data\\":\\"0x 0\\",\\"valeur\\":0,\\"DataPointType\\":\\"1.xxx\\",\\"cmdJeedom\\":\\"La commande n'exites pas\\",\\"datetime\\":\\"03-11-2018 21:40:20\\"}",
    },
    Object {
      "datetime": 1541277624.1305,
      "name": "eibd::monitor",
      "option": "{\\"Mode\\":\\"Write\\",\\"AdresseGroupe\\":\\"1\\\\/0\\\\/6\\",\\"AdressePhysique\\":\\"15.15.255\\",\\"data\\":\\"0x  01 87\\",\\"valeur\\":[1,135],\\"DataPointType\\":\\"1.xxx\\",\\"cmdJeedom\\":\\"La commande n'exites pas\\",\\"datetime\\":\\"03-11-2018 21:40:24\\"}",
    },
    Object {
      "datetime": 1541277625.216,
      "name": "eibd::monitor",
      "option": "{\\"Mode\\":\\"Write\\",\\"AdresseGroupe\\":\\"1\\\\/1\\\\/6\\",\\"AdressePhysique\\":\\"15.15.255\\",\\"data\\":\\"0x  07 62\\",\\"valeur\\":[7,98],\\"DataPointType\\":\\"1.xxx\\",\\"cmdJeedom\\":\\"La commande n'exites pas\\",\\"datetime\\":\\"03-11-2018 21:40:25\\"}",
    },
    Object {
      "datetime": 1541277630.2932,
      "name": "eibd::monitor",
      "option": "{\\"Mode\\":\\"Write\\",\\"AdresseGroupe\\":\\"1\\\\/1\\\\/9\\",\\"AdressePhysique\\":\\"1.1.31\\",\\"data\\":\\"0x  04 6a\\",\\"valeur\\":[4,106],\\"DataPointType\\":\\"1.xxx\\",\\"cmdJeedom\\":\\"La commande n'exites pas\\",\\"datetime\\":\\"03-11-2018 21:40:30\\"}",
    },
    Object {
      "datetime": 1541277634.7604,
      "name": "cmd::update",
      "option": Object {
        "alertLevel": "none",
        "cmd_id": "367",
        "collectDate": "2018-11-03 21:40:34",
        "display_value": 19.4,
        "value": 19.4,
        "valueDate": "2018-11-03 21:40:34",
      },
    },
    Object {
      "datetime": 1541277634.7791,
      "name": "eibd::monitor",
      "option": "{\\"Mode\\":\\"Write\\",\\"AdresseGroupe\\":\\"1\\\\/1\\\\/7\\",\\"AdressePhysique\\":\\"1.1.27\\",\\"data\\":\\"0x  07 94\\",\\"valeur\\":\\"19.4\\\\u00b0C\\",\\"cmdJeedom\\":\\"[D\\\\u00e9pendances][Chauffage Chambre Guillaume][Temp\\\\u00e9rature ambiante]\\",\\"DataPointType\\":\\"9.001\\",\\"datetime\\":\\"03-11-2018 21:40:34\\"}",
    },
    Object {
      "datetime": 1541277635.554,
      "name": "eibd::monitor",
      "option": "{\\"Mode\\":\\"Write\\",\\"AdresseGroupe\\":\\"1\\\\/4\\\\/1\\",\\"AdressePhysique\\":\\"1.1.41\\",\\"data\\":\\"0x 0\\",\\"valeur\\":0,\\"DataPointType\\":\\"1.xxx\\",\\"cmdJeedom\\":\\"La commande n'exites pas\\",\\"datetime\\":\\"03-11-2018 21:40:35\\"}",
    },
    Object {
      "datetime": 1541277645.7099,
      "name": "eibd::monitor",
      "option": "{\\"Mode\\":\\"Write\\",\\"AdresseGroupe\\":\\"1\\\\/1\\\\/13\\",\\"AdressePhysique\\":\\"1.1.44\\",\\"data\\":\\"0x  80 bc\\",\\"valeur\\":[128,188],\\"DataPointType\\":\\"1.xxx\\",\\"cmdJeedom\\":\\"La commande n'exites pas\\",\\"datetime\\":\\"03-11-2018 21:40:45\\"}",
    },
    Object {
      "datetime": 1541277646.6091,
      "name": "eibd::monitor",
      "option": "{\\"Mode\\":\\"Write\\",\\"AdresseGroupe\\":\\"1\\\\/1\\\\/12\\",\\"AdressePhysique\\":\\"1.1.44\\",\\"data\\":\\"0x  8b e1\\",\\"valeur\\":[139,225],\\"DataPointType\\":\\"1.xxx\\",\\"cmdJeedom\\":\\"La commande n'exites pas\\",\\"datetime\\":\\"03-11-2018 21:40:46\\"}",
    },
    Object {
      "datetime": 1541277649.5544,
      "name": "cmd::update",
      "option": Object {
        "cmd_id": "355",
        "collectDate": "2018-11-03 21:40:49",
        "display_value": 1,
        "value": 1,
        "valueDate": "2018-11-03 18:10:50",
      },
    },
    Object {
      "datetime": 1541277650.7025,
      "name": "eibd::monitor",
      "option": "{\\"Mode\\":\\"Write\\",\\"AdresseGroupe\\":\\"1\\\\/3\\\\/1\\",\\"AdressePhysique\\":\\"1.1.41\\",\\"data\\":\\"0x  00 64\\",\\"valeur\\":\\"1lx\\",\\"cmdJeedom\\":\\"[Ext\\\\u00e9rieurs][Station M\\\\u00e9t\\\\u00e9o][Luminosit\\\\u00e9]\\",\\"DataPointType\\":\\"9.004\\",\\"datetime\\":\\"03-11-2018 21:40:50\\"}",
    },
    Object {
      "datetime": 1541277654.8645,
      "name": "eibd::monitor",
      "option": "{\\"Mode\\":\\"Write\\",\\"AdresseGroupe\\":\\"1\\\\/0\\\\/6\\",\\"AdressePhysique\\":\\"15.15.255\\",\\"data\\":\\"0x  01 93\\",\\"valeur\\":[1,147],\\"DataPointType\\":\\"1.xxx\\",\\"cmdJeedom\\":\\"La commande n'exites pas\\",\\"datetime\\":\\"03-11-2018 21:40:54\\"}",
    },
    Object {
      "datetime": 1541277655.218,
      "name": "eibd::monitor",
      "option": "{\\"Mode\\":\\"Write\\",\\"AdresseGroupe\\":\\"1\\\\/1\\\\/6\\",\\"AdressePhysique\\":\\"15.15.255\\",\\"data\\":\\"0x  07 62\\",\\"valeur\\":[7,98],\\"DataPointType\\":\\"1.xxx\\",\\"cmdJeedom\\":\\"La commande n'exites pas\\",\\"datetime\\":\\"03-11-2018 21:40:55\\"}",
    },
    Object {
      "datetime": 1541277656.6092,
      "name": "eibd::monitor",
      "option": "{\\"Mode\\":\\"Write\\",\\"AdresseGroupe\\":\\"6\\\\/0\\\\/4\\",\\"AdressePhysique\\":\\"15.15.255\\",\\"data\\":\\"0x 0\\",\\"valeur\\":0,\\"DataPointType\\":\\"1.xxx\\",\\"cmdJeedom\\":\\"La commande n'exites pas\\",\\"datetime\\":\\"03-11-2018 21:40:56\\"}",
    },
    Object {
      "datetime": 1541277656.63,
      "name": "eibd::monitor",
      "option": "{\\"Mode\\":\\"Write\\",\\"AdresseGroupe\\":\\"6\\\\/3\\\\/1\\",\\"AdressePhysique\\":\\"1.1.3\\",\\"data\\":\\"0x 0\\",\\"valeur\\":0,\\"DataPointType\\":\\"1.xxx\\",\\"cmdJeedom\\":\\"La commande n'exites pas\\",\\"datetime\\":\\"03-11-2018 21:40:56\\"}",
    },
    Object {
      "datetime": 1541277657.5602,
      "name": "eibd::monitor",
      "option": "{\\"Mode\\":\\"Write\\",\\"AdresseGroupe\\":\\"6\\\\/0\\\\/10\\",\\"AdressePhysique\\":\\"1.1.10\\",\\"data\\":\\"0x 1\\",\\"valeur\\":1,\\"DataPointType\\":\\"1.xxx\\",\\"cmdJeedom\\":\\"La commande n'exites pas\\",\\"datetime\\":\\"03-11-2018 21:40:57\\"}",
    },
    Object {
      "datetime": 1541277657.9886,
      "name": "eibd::monitor",
      "option": "{\\"Mode\\":\\"Write\\",\\"AdresseGroupe\\":\\"1\\\\/1\\\\/5\\",\\"AdressePhysique\\":\\"15.15.255\\",\\"data\\":\\"0x  0c 1f\\",\\"valeur\\":[12,31],\\"DataPointType\\":\\"1.xxx\\",\\"cmdJeedom\\":\\"La commande n'exites pas\\",\\"datetime\\":\\"03-11-2018 21:40:57\\"}",
    },
    Object {
      "datetime": 1541277658.8628,
      "name": "eibd::monitor",
      "option": "{\\"Mode\\":\\"Write\\",\\"AdresseGroupe\\":\\"6\\\\/0\\\\/8\\",\\"AdressePhysique\\":\\"1.1.10\\",\\"data\\":\\"0x 1\\",\\"valeur\\":1,\\"DataPointType\\":\\"1.xxx\\",\\"cmdJeedom\\":\\"La commande n'exites pas\\",\\"datetime\\":\\"03-11-2018 21:40:58\\"}",
    },
    Object {
      "datetime": 1541277659.8435,
      "name": "eibd::monitor",
      "option": "{\\"Mode\\":\\"Write\\",\\"AdresseGroupe\\":\\"1\\\\/0\\\\/6\\",\\"AdressePhysique\\":\\"15.15.255\\",\\"data\\":\\"0x  01 e2\\",\\"valeur\\":[1,226],\\"DataPointType\\":\\"1.xxx\\",\\"cmdJeedom\\":\\"La commande n'exites pas\\",\\"datetime\\":\\"03-11-2018 21:40:59\\"}",
    },
    Object {
      "datetime": 1541277660.2973,
      "name": "eibd::monitor",
      "option": "{\\"Mode\\":\\"Write\\",\\"AdresseGroupe\\":\\"1\\\\/1\\\\/9\\",\\"AdressePhysique\\":\\"1.1.31\\",\\"data\\":\\"0x  04 6a\\",\\"valeur\\":[4,106],\\"DataPointType\\":\\"1.xxx\\",\\"cmdJeedom\\":\\"La commande n'exites pas\\",\\"datetime\\":\\"03-11-2018 21:41:00\\"}",
    },
    Object {
      "datetime": 1541277662.1541,
      "name": "eibd::monitor",
      "option": "{\\"Mode\\":\\"Write\\",\\"AdresseGroupe\\":\\"6\\\\/0\\\\/10\\",\\"AdressePhysique\\":\\"1.1.10\\",\\"data\\":\\"0x 1\\",\\"valeur\\":1,\\"DataPointType\\":\\"1.xxx\\",\\"cmdJeedom\\":\\"La commande n'exites pas\\",\\"datetime\\":\\"03-11-2018 21:41:02\\"}",
    },
    Object {
      "datetime": 1541277663.0489,
      "name": "eqLogic::update",
      "option": Object {
        "eqLogic_id": "91",
      },
    },
    Object {
      "datetime": 1541277663.0596,
      "name": "eqLogic::update",
      "option": Object {
        "eqLogic_id": "92",
      },
    },
    Object {
      "datetime": 1541277663.0703,
      "name": "eqLogic::update",
      "option": Object {
        "eqLogic_id": "90",
      },
    },
    Object {
      "datetime": 1541277663.0953,
      "name": "cmd::update",
      "option": Object {
        "cmd_id": "555",
        "collectDate": "2018-11-03 21:41:03",
        "display_value": "Aucun",
        "value": "Aucun",
        "valueDate": "2018-10-29 00:00:04",
      },
    },
    Object {
      "datetime": 1541277663.1098,
      "name": "cmd::update",
      "option": Object {
        "cmd_id": "556",
        "collectDate": "2018-11-03 21:41:03",
        "display_value": "10:00;11:00;;Arroser les fleurs;55C8BE0F-C10A-45FA-A3BF-6CF66C739657;;1518943899;939 Côte du Geolier82200 MoissacFrance",
        "value": "10:00;11:00;;Arroser les fleurs;55C8BE0F-C10A-45FA-A3BF-6CF66C739657;;1518943899;939 Côte du Geolier82200 MoissacFrance",
        "valueDate": "2018-11-03 00:00:05",
      },
    },
    Object {
      "datetime": 1541277663.122,
      "name": "cmd::update",
      "option": Object {
        "cmd_id": "557",
        "collectDate": "2018-11-03 21:41:03",
        "display_value": "Aucun",
        "value": "Aucun",
        "valueDate": "2018-11-03 00:00:05",
      },
    },
    Object {
      "datetime": 1541277663.1335,
      "name": "cmd::update",
      "option": Object {
        "cmd_id": "558",
        "collectDate": "2018-11-03 21:41:03",
        "display_value": "Aucun",
        "value": "Aucun",
        "valueDate": "2018-11-02 00:00:05",
      },
    },
    Object {
      "datetime": 1541277663.1449,
      "name": "cmd::update",
      "option": Object {
        "cmd_id": "559",
        "collectDate": "2018-11-03 21:41:03",
        "display_value": "Aucun",
        "value": "Aucun",
        "valueDate": "2018-11-01 00:00:05",
      },
    },
    Object {
      "datetime": 1541277663.1564,
      "name": "cmd::update",
      "option": Object {
        "cmd_id": "560",
        "collectDate": "2018-11-03 21:41:03",
        "display_value": "Aucun",
        "value": "Aucun",
        "valueDate": "2018-10-31 00:00:05",
      },
    },
    Object {
      "datetime": 1541277663.1678,
      "name": "cmd::update",
      "option": Object {
        "cmd_id": "561",
        "collectDate": "2018-11-03 21:41:03",
        "display_value": "Aucun",
        "value": "Aucun",
        "valueDate": "2018-10-30 00:00:05",
      },
    },
    Object {
      "datetime": 1541277663.1788,
      "name": "eqLogic::update",
      "option": Object {
        "eqLogic_id": "97",
      },
    },
    Object {
      "datetime": 1541277663.6564,
      "name": "eibd::monitor",
      "option": "{\\"Mode\\":\\"Write\\",\\"AdresseGroupe\\":\\"6\\\\/0\\\\/8\\",\\"AdressePhysique\\":\\"1.1.10\\",\\"data\\":\\"0x 1\\",\\"valeur\\":1,\\"DataPointType\\":\\"1.xxx\\",\\"cmdJeedom\\":\\"La commande n'exites pas\\",\\"datetime\\":\\"03-11-2018 21:41:03\\"}",
    },
    Object {
      "datetime": 1541277664.3873,
      "name": "eibd::monitor",
      "option": "{\\"Mode\\":\\"Write\\",\\"AdresseGroupe\\":\\"6\\\\/0\\\\/29\\",\\"AdressePhysique\\":\\"1.1.47\\",\\"data\\":\\"0x 1\\",\\"valeur\\":1,\\"DataPointType\\":\\"1.xxx\\",\\"cmdJeedom\\":\\"La commande n'exites pas\\",\\"datetime\\":\\"03-11-2018 21:41:04\\"}",
    },
    Object {
      "datetime": 1541277664.4079,
      "name": "eibd::monitor",
      "option": "{\\"Mode\\":\\"Write\\",\\"AdresseGroupe\\":\\"6\\\\/3\\\\/32\\",\\"AdressePhysique\\":\\"1.1.46\\",\\"data\\":\\"0x 1\\",\\"valeur\\":1,\\"DataPointType\\":\\"1.xxx\\",\\"cmdJeedom\\":\\"La commande n'exites pas\\",\\"datetime\\":\\"03-11-2018 21:41:04\\"}",
    },
    Object {
      "datetime": 1541277664.8277,
      "name": "eibd::monitor",
      "option": "{\\"Mode\\":\\"Write\\",\\"AdresseGroupe\\":\\"1\\\\/0\\\\/6\\",\\"AdressePhysique\\":\\"15.15.255\\",\\"data\\":\\"0x  01 f5\\",\\"valeur\\":[1,245],\\"DataPointType\\":\\"1.xxx\\",\\"cmdJeedom\\":\\"La commande n'exites pas\\",\\"datetime\\":\\"03-11-2018 21:41:04\\"}",
    },
    Object {
      "datetime": 1541277667.1642,
      "name": "eibd::monitor",
      "option": "{\\"Mode\\":\\"Write\\",\\"AdresseGroupe\\":\\"6\\\\/0\\\\/10\\",\\"AdressePhysique\\":\\"1.1.10\\",\\"data\\":\\"0x 1\\",\\"valeur\\":1,\\"DataPointType\\":\\"1.xxx\\",\\"cmdJeedom\\":\\"La commande n'exites pas\\",\\"datetime\\":\\"03-11-2018 21:41:07\\"}",
    },
    Object {
      "datetime": 1541277668.6623,
      "name": "eibd::monitor",
      "option": "{\\"Mode\\":\\"Write\\",\\"AdresseGroupe\\":\\"6\\\\/0\\\\/8\\",\\"AdressePhysique\\":\\"1.1.10\\",\\"data\\":\\"0x 1\\",\\"valeur\\":1,\\"DataPointType\\":\\"1.xxx\\",\\"cmdJeedom\\":\\"La commande n'exites pas\\",\\"datetime\\":\\"03-11-2018 21:41:08\\"}",
    },
    Object {
      "datetime": 1541277671.1602,
      "name": "eibd::monitor",
      "option": "{\\"Mode\\":\\"Write\\",\\"AdresseGroupe\\":\\"6\\\\/0\\\\/10\\",\\"AdressePhysique\\":\\"1.1.10\\",\\"data\\":\\"0x 0\\",\\"valeur\\":0,\\"DataPointType\\":\\"1.xxx\\",\\"cmdJeedom\\":\\"La commande n'exites pas\\",\\"datetime\\":\\"03-11-2018 21:41:11\\"}",
    },
    Object {
      "datetime": 1541277673.6559,
      "name": "eibd::monitor",
      "option": "{\\"Mode\\":\\"Write\\",\\"AdresseGroupe\\":\\"6\\\\/0\\\\/8\\",\\"AdressePhysique\\":\\"1.1.10\\",\\"data\\":\\"0x 1\\",\\"valeur\\":1,\\"DataPointType\\":\\"1.xxx\\",\\"cmdJeedom\\":\\"La commande n'exites pas\\",\\"datetime\\":\\"03-11-2018 21:41:13\\"}",
    },
    Object {
      "datetime": 1541277675.7099,
      "name": "eibd::monitor",
      "option": "{\\"Mode\\":\\"Write\\",\\"AdresseGroupe\\":\\"1\\\\/1\\\\/13\\",\\"AdressePhysique\\":\\"1.1.44\\",\\"data\\":\\"0x  80 44\\",\\"valeur\\":[128,68],\\"DataPointType\\":\\"1.xxx\\",\\"cmdJeedom\\":\\"La commande n'exites pas\\",\\"datetime\\":\\"03-11-2018 21:41:15\\"}",
    },
    Object {
      "datetime": 1541277676.5465,
      "name": "cmd::update",
      "option": Object {
        "cmd_id": "357",
        "collectDate": "2018-11-03 21:41:16",
        "display_value": 0,
        "value": 0,
        "valueDate": "2018-11-03 19:52:17",
      },
    },
    Object {
      "datetime": 1541277676.5824,
      "name": "eibd::monitor",
      "option": "{\\"Mode\\":\\"Write\\",\\"AdresseGroupe\\":\\"1\\\\/3\\\\/2\\",\\"AdressePhysique\\":\\"1.1.41\\",\\"data\\":\\"0x  00 00\\",\\"valeur\\":\\"0m\\\\/s\\",\\"cmdJeedom\\":\\"[Ext\\\\u00e9rieurs][Station M\\\\u00e9t\\\\u00e9o][Vent]\\",\\"DataPointType\\":\\"9.005\\",\\"datetime\\":\\"03-11-2018 21:41:16\\"}",
    },
    Object {
      "datetime": 1541277676.6093,
      "name": "cmd::update",
      "option": Object {
        "cmd_id": "358",
        "collectDate": "2018-11-03 21:41:16",
        "display_value": 5.7,
        "value": 5.7,
        "valueDate": "2018-11-03 21:39:16",
      },
    },
    Object {
      "datetime": 1541277676.6415,
      "name": "eibd::monitor",
      "option": "{\\"Mode\\":\\"Write\\",\\"AdresseGroupe\\":\\"1\\\\/3\\\\/4\\",\\"AdressePhysique\\":\\"1.1.41\\",\\"data\\":\\"0x  02 3a\\",\\"valeur\\":\\"5.7\\\\u00b0C\\",\\"cmdJeedom\\":\\"[Ext\\\\u00e9rieurs][Station M\\\\u00e9t\\\\u00e9o][Temp\\\\u00e9rature]\\",\\"DataPointType\\":\\"9.001\\",\\"datetime\\":\\"03-11-2018 21:41:16\\"}",
    },
    Object {
      "datetime": 1541277676.6567,
      "name": "eibd::monitor",
      "option": "{\\"Mode\\":\\"Write\\",\\"AdresseGroupe\\":\\"1\\\\/1\\\\/12\\",\\"AdressePhysique\\":\\"1.1.44\\",\\"data\\":\\"0x  8b c8\\",\\"valeur\\":[139,200],\\"DataPointType\\":\\"1.xxx\\",\\"cmdJeedom\\":\\"La commande n'exites pas\\",\\"datetime\\":\\"03-11-2018 21:41:16\\"}",
    },
    Object {
      "datetime": 1541277678.6637,
      "name": "eibd::monitor",
      "option": "{\\"Mode\\":\\"Write\\",\\"AdresseGroupe\\":\\"6\\\\/0\\\\/8\\",\\"AdressePhysique\\":\\"1.1.10\\",\\"data\\":\\"0x 1\\",\\"valeur\\":1,\\"DataPointType\\":\\"1.xxx\\",\\"cmdJeedom\\":\\"La commande n'exites pas\\",\\"datetime\\":\\"03-11-2018 21:41:18\\"}",
    },
    Object {
      "datetime": 1541277680.0421,
      "name": "eibd::monitor",
      "option": "{\\"Mode\\":\\"Write\\",\\"AdresseGroupe\\":\\"1\\\\/0\\\\/6\\",\\"AdressePhysique\\":\\"15.15.255\\",\\"data\\":\\"0x  01 e9\\",\\"valeur\\":[1,233],\\"DataPointType\\":\\"1.xxx\\",\\"cmdJeedom\\":\\"La commande n'exites pas\\",\\"datetime\\":\\"03-11-2018 21:41:20\\"}",
    },
    Object {
      "datetime": 1541277683.6615,
      "name": "eibd::monitor",
      "option": "{\\"Mode\\":\\"Write\\",\\"AdresseGroupe\\":\\"6\\\\/0\\\\/8\\",\\"AdressePhysique\\":\\"1.1.10\\",\\"data\\":\\"0x 1\\",\\"valeur\\":1,\\"DataPointType\\":\\"1.xxx\\",\\"cmdJeedom\\":\\"La commande n'exites pas\\",\\"datetime\\":\\"03-11-2018 21:41:23\\"}",
    },
    Object {
      "datetime": 1541277685.0345,
      "name": "eibd::monitor",
      "option": "{\\"Mode\\":\\"Write\\",\\"AdresseGroupe\\":\\"1\\\\/0\\\\/6\\",\\"AdressePhysique\\":\\"15.15.255\\",\\"data\\":\\"0x  01 53\\",\\"valeur\\":[1,83],\\"DataPointType\\":\\"1.xxx\\",\\"cmdJeedom\\":\\"La commande n'exites pas\\",\\"datetime\\":\\"03-11-2018 21:41:25\\"}",
    },
    Object {
      "datetime": 1541277685.2229,
      "name": "eibd::monitor",
      "option": "{\\"Mode\\":\\"Write\\",\\"AdresseGroupe\\":\\"1\\\\/1\\\\/6\\",\\"AdressePhysique\\":\\"15.15.255\\",\\"data\\":\\"0x  07 6c\\",\\"valeur\\":[7,108],\\"DataPointType\\":\\"1.xxx\\",\\"cmdJeedom\\":\\"La commande n'exites pas\\",\\"datetime\\":\\"03-11-2018 21:41:25\\"}",
    },
    Object {
      "datetime": 1541277686.6098,
      "name": "eibd::monitor",
      "option": "{\\"Mode\\":\\"Write\\",\\"AdresseGroupe\\":\\"1\\\\/1\\\\/12\\",\\"AdressePhysique\\":\\"1.1.44\\",\\"data\\":\\"0x  8b af\\",\\"valeur\\":[139,175],\\"DataPointType\\":\\"1.xxx\\",\\"cmdJeedom\\":\\"La commande n'exites pas\\",\\"datetime\\":\\"03-11-2018 21:41:26\\"}",
    },
    Object {
      "datetime": 1541277688.1645,
      "name": "eibd::monitor",
      "option": "{\\"Mode\\":\\"Write\\",\\"AdresseGroupe\\":\\"6\\\\/0\\\\/8\\",\\"AdressePhysique\\":\\"1.1.10\\",\\"data\\":\\"0x 0\\",\\"valeur\\":0,\\"DataPointType\\":\\"1.xxx\\",\\"cmdJeedom\\":\\"La commande n'exites pas\\",\\"datetime\\":\\"03-11-2018 21:41:28\\"}",
    },
    Object {
      "datetime": 1541277688.1898,
      "name": "eibd::monitor",
      "option": "{\\"Mode\\":\\"Write\\",\\"AdresseGroupe\\":\\"6\\\\/2\\\\/1\\",\\"AdressePhysique\\":\\"1.1.4\\",\\"data\\":\\"0x 0\\",\\"valeur\\":0,\\"DataPointType\\":\\"1.xxx\\",\\"cmdJeedom\\":\\"La commande n'exites pas\\",\\"datetime\\":\\"03-11-2018 21:41:28\\"}",
    },
    Object {
      "datetime": 1541277690.0394,
      "name": "eibd::monitor",
      "option": "{\\"Mode\\":\\"Write\\",\\"AdresseGroupe\\":\\"1\\\\/0\\\\/6\\",\\"AdressePhysique\\":\\"15.15.255\\",\\"data\\":\\"0x  01 0e\\",\\"valeur\\":[1,14],\\"DataPointType\\":\\"1.xxx\\",\\"cmdJeedom\\":\\"La commande n'exites pas\\",\\"datetime\\":\\"03-11-2018 21:41:30\\"}",
    },
    Object {
      "datetime": 1541277690.3037,
      "name": "eibd::monitor",
      "option": "{\\"Mode\\":\\"Write\\",\\"AdresseGroupe\\":\\"1\\\\/1\\\\/9\\",\\"AdressePhysique\\":\\"1.1.31\\",\\"data\\":\\"0x  04 6a\\",\\"valeur\\":[4,106],\\"DataPointType\\":\\"1.xxx\\",\\"cmdJeedom\\":\\"La commande n'exites pas\\",\\"datetime\\":\\"03-11-2018 21:41:30\\"}",
    },
    Object {
      "datetime": 1541277693.6031,
      "name": "cmd::update",
      "option": Object {
        "alertLevel": "none",
        "cmd_id": "373",
        "collectDate": "2018-11-03 21:41:33",
        "display_value": 15.3,
        "value": 15.3,
        "valueDate": "2018-11-03 21:41:33",
      },
    },
    Object {
      "datetime": 1541277693.6268,
      "name": "eibd::monitor",
      "option": "{\\"Mode\\":\\"Write\\",\\"AdresseGroupe\\":\\"1\\\\/1\\\\/8\\",\\"AdressePhysique\\":\\"1.1.28\\",\\"data\\":\\"0x  05 fa\\",\\"valeur\\":\\"15.3\\\\u00b0C\\",\\"cmdJeedom\\":\\"[D\\\\u00e9pendances][Chauffage Chambre invit\\\\u00e9][Temp\\\\u00e9rature ambiante]\\",\\"DataPointType\\":\\"9.001\\",\\"datetime\\":\\"03-11-2018 21:41:33\\"}",
    },
    Object {
      "datetime": 1541277694.8878,
      "name": "eibd::monitor",
      "option": "{\\"Mode\\":\\"Write\\",\\"AdresseGroupe\\":\\"6\\\\/0\\\\/29\\",\\"AdressePhysique\\":\\"1.1.47\\",\\"data\\":\\"0x 0\\",\\"valeur\\":0,\\"DataPointType\\":\\"1.xxx\\",\\"cmdJeedom\\":\\"La commande n'exites pas\\",\\"datetime\\":\\"03-11-2018 21:41:34\\"}",
    },
    Object {
      "datetime": 1541277694.9092,
      "name": "eibd::monitor",
      "option": "{\\"Mode\\":\\"Write\\",\\"AdresseGroupe\\":\\"6\\\\/3\\\\/32\\",\\"AdressePhysique\\":\\"1.1.46\\",\\"data\\":\\"0x 0\\",\\"valeur\\":0,\\"DataPointType\\":\\"1.xxx\\",\\"cmdJeedom\\":\\"La commande n'exites pas\\",\\"datetime\\":\\"03-11-2018 21:41:34\\"}",
    },
    Object {
      "datetime": 1541277695.1065,
      "name": "eibd::monitor",
      "option": "{\\"Mode\\":\\"Write\\",\\"AdresseGroupe\\":\\"1\\\\/0\\\\/6\\",\\"AdressePhysique\\":\\"15.15.255\\",\\"data\\":\\"0x  01 1a\\",\\"valeur\\":[1,26],\\"DataPointType\\":\\"1.xxx\\",\\"cmdJeedom\\":\\"La commande n'exites pas\\",\\"datetime\\":\\"03-11-2018 21:41:35\\"}",
    },
    Object {
      "datetime": 1541277695.5602,
      "name": "cmd::update",
      "option": Object {
        "alertLevel": "none",
        "cmd_id": "356",
        "collectDate": "2018-11-03 21:41:35",
        "display_value": 0,
        "value": 0,
        "valueDate": "2018-11-03 21:33:35",
      },
    },
    Object {
      "datetime": 1541277695.5846,
      "name": "eibd::monitor",
      "option": "{\\"Mode\\":\\"Write\\",\\"AdresseGroupe\\":\\"1\\\\/3\\\\/3\\",\\"AdressePhysique\\":\\"1.1.41\\",\\"data\\":\\"0x 0\\",\\"valeur\\":\\"0\\",\\"cmdJeedom\\":\\"[Ext\\\\u00e9rieurs][Station M\\\\u00e9t\\\\u00e9o][Pluie]\\",\\"DataPointType\\":\\"1.001\\",\\"datetime\\":\\"03-11-2018 21:41:35\\"}",
    },
    Object {
      "datetime": 1541277695.6203,
      "name": "eibd::monitor",
      "option": "{\\"Mode\\":\\"Write\\",\\"AdresseGroupe\\":\\"1\\\\/4\\\\/1\\",\\"AdressePhysique\\":\\"1.1.41\\",\\"data\\":\\"0x 0\\",\\"valeur\\":0,\\"DataPointType\\":\\"1.xxx\\",\\"cmdJeedom\\":\\"La commande n'exites pas\\",\\"datetime\\":\\"03-11-2018 21:41:35\\"}",
    },
    Object {
      "datetime": 1541277695.9407,
      "name": "scenario::update",
      "option": Object {
        "lastLaunch": "2018-11-03 21:41:35",
        "scenario_id": "27",
        "state": "in progress",
      },
    },
    Object {
      "datetime": 1541277696.0227,
      "name": "scenario::update",
      "option": Object {
        "lastLaunch": "2018-11-03 21:41:35",
        "scenario_id": "27",
        "state": "stop",
      },
    },
    Object {
      "datetime": 1541277700.0384,
      "name": "eibd::monitor",
      "option": "{\\"Mode\\":\\"Write\\",\\"AdresseGroupe\\":\\"1\\\\/0\\\\/6\\",\\"AdressePhysique\\":\\"15.15.255\\",\\"data\\":\\"0x  01 68\\",\\"valeur\\":[1,104],\\"DataPointType\\":\\"1.xxx\\",\\"cmdJeedom\\":\\"La commande n'exites pas\\",\\"datetime\\":\\"03-11-2018 21:41:40\\"}",
    },
    Object {
      "datetime": 1541277705.0371,
      "name": "eibd::monitor",
      "option": "{\\"Mode\\":\\"Write\\",\\"AdresseGroupe\\":\\"1\\\\/0\\\\/6\\",\\"AdressePhysique\\":\\"15.15.255\\",\\"data\\":\\"0x  01 83\\",\\"valeur\\":[1,131],\\"DataPointType\\":\\"1.xxx\\",\\"cmdJeedom\\":\\"La commande n'exites pas\\",\\"datetime\\":\\"03-11-2018 21:41:45\\"}",
    },
    Object {
      "datetime": 1541277705.7058,
      "name": "eibd::monitor",
      "option": "{\\"Mode\\":\\"Write\\",\\"AdresseGroupe\\":\\"1\\\\/1\\\\/13\\",\\"AdressePhysique\\":\\"1.1.44\\",\\"data\\":\\"0x  80 6c\\",\\"valeur\\":[128,108],\\"DataPointType\\":\\"1.xxx\\",\\"cmdJeedom\\":\\"La commande n'exites pas\\",\\"datetime\\":\\"03-11-2018 21:41:45\\"}",
    },
    Object {
      "datetime": 1541277705.7912,
      "name": "eibd::monitor",
      "option": "{\\"Mode\\":\\"Write\\",\\"AdresseGroupe\\":\\"1\\\\/1\\\\/14\\",\\"AdressePhysique\\":\\"1.1.18\\",\\"data\\":\\"0x  01 f4\\",\\"valeur\\":[1,244],\\"DataPointType\\":\\"1.xxx\\",\\"cmdJeedom\\":\\"La commande n'exites pas\\",\\"datetime\\":\\"03-11-2018 21:41:45\\"}",
    },
    Object {
      "datetime": 1541277706.5994,
      "name": "eibd::monitor",
      "option": "{\\"Mode\\":\\"Write\\",\\"AdresseGroupe\\":\\"1\\\\/1\\\\/12\\",\\"AdressePhysique\\":\\"1.1.44\\",\\"data\\":\\"0x  8b d7\\",\\"valeur\\":[139,215],\\"DataPointType\\":\\"1.xxx\\",\\"cmdJeedom\\":\\"La commande n'exites pas\\",\\"datetime\\":\\"03-11-2018 21:41:46\\"}",
    },
    Object {
      "datetime": 1541277709.5516,
      "name": "cmd::update",
      "option": Object {
        "cmd_id": "355",
        "collectDate": "2018-11-03 21:41:49",
        "display_value": 1,
        "value": 1,
        "valueDate": "2018-11-03 18:10:50",
      },
    },
    Object {
      "datetime": 1541277709.5876,
      "name": "eibd::monitor",
      "option": "{\\"Mode\\":\\"Write\\",\\"AdresseGroupe\\":\\"1\\\\/3\\\\/1\\",\\"AdressePhysique\\":\\"1.1.41\\",\\"data\\":\\"0x  00 64\\",\\"valeur\\":\\"1lx\\",\\"cmdJeedom\\":\\"[Ext\\\\u00e9rieurs][Station M\\\\u00e9t\\\\u00e9o][Luminosit\\\\u00e9]\\",\\"DataPointType\\":\\"9.004\\",\\"datetime\\":\\"03-11-2018 21:41:49\\"}",
    },
    Object {
      "datetime": 1541277715.2209,
      "name": "eibd::monitor",
      "option": "{\\"Mode\\":\\"Write\\",\\"AdresseGroupe\\":\\"1\\\\/1\\\\/6\\",\\"AdressePhysique\\":\\"15.15.255\\",\\"data\\":\\"0x  07 58\\",\\"valeur\\":[7,88],\\"DataPointType\\":\\"1.xxx\\",\\"cmdJeedom\\":\\"La commande n'exites pas\\",\\"datetime\\":\\"03-11-2018 21:41:55\\"}",
    },
    Object {
      "datetime": 1541277715.7471,
      "name": "eibd::monitor",
      "option": "{\\"Mode\\":\\"Write\\",\\"AdresseGroupe\\":\\"4\\\\/3\\\\/1\\",\\"AdressePhysique\\":\\"1.1.27\\",\\"data\\":\\"0x 1\\",\\"valeur\\":1,\\"DataPointType\\":\\"1.xxx\\",\\"cmdJeedom\\":\\"La commande n'exites pas\\",\\"datetime\\":\\"03-11-2018 21:41:55\\"}",
    },
    Object {
      "datetime": 1541277715.768,
      "name": "eibd::monitor",
      "option": "{\\"Mode\\":\\"Write\\",\\"AdresseGroupe\\":\\"4\\\\/4\\\\/4\\",\\"AdressePhysique\\":\\"1.1.24\\",\\"data\\":\\"0x 1\\",\\"valeur\\":1,\\"DataPointType\\":\\"1.xxx\\",\\"cmdJeedom\\":\\"La commande n'exites pas\\",\\"datetime\\":\\"03-11-2018 21:41:55\\"}",
    },
    Object {
      "datetime": 1541277720.3005,
      "name": "eibd::monitor",
      "option": "{\\"Mode\\":\\"Write\\",\\"AdresseGroupe\\":\\"1\\\\/1\\\\/9\\",\\"AdressePhysique\\":\\"1.1.31\\",\\"data\\":\\"0x  04 6a\\",\\"valeur\\":[4,106],\\"DataPointType\\":\\"1.xxx\\",\\"cmdJeedom\\":\\"La commande n'exites pas\\",\\"datetime\\":\\"03-11-2018 21:42:00\\"}",
    },
    Object {
      "datetime": 1541277723.1978,
      "name": "eibd::monitor",
      "option": "{\\"Mode\\":\\"Write\\",\\"AdresseGroupe\\":\\"1\\\\/0\\\\/6\\",\\"AdressePhysique\\":\\"15.15.255\\",\\"data\\":\\"0x  01 8e\\",\\"valeur\\":[1,142],\\"DataPointType\\":\\"1.xxx\\",\\"cmdJeedom\\":\\"La commande n'exites pas\\",\\"datetime\\":\\"03-11-2018 21:42:03\\"}",
    },
    Object {
      "datetime": 1541277723.2153,
      "name": "eqLogic::update",
      "option": Object {
        "eqLogic_id": "91",
      },
    },
    Object {
      "datetime": 1541277723.2261,
      "name": "eqLogic::update",
      "option": Object {
        "eqLogic_id": "92",
      },
    },
    Object {
      "datetime": 1541277723.2368,
      "name": "eqLogic::update",
      "option": Object {
        "eqLogic_id": "90",
      },
    },
    Object {
      "datetime": 1541277723.2609,
      "name": "cmd::update",
      "option": Object {
        "cmd_id": "555",
        "collectDate": "2018-11-03 21:42:03",
        "display_value": "Aucun",
        "value": "Aucun",
        "valueDate": "2018-10-29 00:00:04",
      },
    },
    Object {
      "datetime": 1541277723.2757,
      "name": "cmd::update",
      "option": Object {
        "cmd_id": "556",
        "collectDate": "2018-11-03 21:42:03",
        "display_value": "10:00;11:00;;Arroser les fleurs;55C8BE0F-C10A-45FA-A3BF-6CF66C739657;;1518943899;939 Côte du Geolier82200 MoissacFrance",
        "value": "10:00;11:00;;Arroser les fleurs;55C8BE0F-C10A-45FA-A3BF-6CF66C739657;;1518943899;939 Côte du Geolier82200 MoissacFrance",
        "valueDate": "2018-11-03 00:00:05",
      },
    },
    Object {
      "datetime": 1541277723.2871,
      "name": "cmd::update",
      "option": Object {
        "cmd_id": "557",
        "collectDate": "2018-11-03 21:42:03",
        "display_value": "Aucun",
        "value": "Aucun",
        "valueDate": "2018-11-03 00:00:05",
      },
    },
    Object {
      "datetime": 1541277723.2983,
      "name": "cmd::update",
      "option": Object {
        "cmd_id": "558",
        "collectDate": "2018-11-03 21:42:03",
        "display_value": "Aucun",
        "value": "Aucun",
        "valueDate": "2018-11-02 00:00:05",
      },
    },
    Object {
      "datetime": 1541277723.3096,
      "name": "cmd::update",
      "option": Object {
        "cmd_id": "559",
        "collectDate": "2018-11-03 21:42:03",
        "display_value": "Aucun",
        "value": "Aucun",
        "valueDate": "2018-11-01 00:00:05",
      },
    },
    Object {
      "datetime": 1541277723.3211,
      "name": "cmd::update",
      "option": Object {
        "cmd_id": "560",
        "collectDate": "2018-11-03 21:42:03",
        "display_value": "Aucun",
        "value": "Aucun",
        "valueDate": "2018-10-31 00:00:05",
      },
    },
    Object {
      "datetime": 1541277723.3327,
      "name": "cmd::update",
      "option": Object {
        "cmd_id": "561",
        "collectDate": "2018-11-03 21:42:03",
        "display_value": "Aucun",
        "value": "Aucun",
        "valueDate": "2018-10-30 00:00:05",
      },
    },
    Object {
      "datetime": 1541277723.3436,
      "name": "eqLogic::update",
      "option": Object {
        "eqLogic_id": "97",
      },
    },
    Object {
      "datetime": 1541277726.6201,
      "name": "eibd::monitor",
      "option": "{\\"Mode\\":\\"Write\\",\\"AdresseGroupe\\":\\"1\\\\/1\\\\/12\\",\\"AdressePhysique\\":\\"1.1.44\\",\\"data\\":\\"0x  8b a0\\",\\"valeur\\":[139,160],\\"DataPointType\\":\\"1.xxx\\",\\"cmdJeedom\\":\\"La commande n'exites pas\\",\\"datetime\\":\\"03-11-2018 21:42:06\\"}",
    },
    Object {
      "datetime": 1541277728.1328,
      "name": "eibd::monitor",
      "option": "{\\"Mode\\":\\"Write\\",\\"AdresseGroupe\\":\\"1\\\\/0\\\\/6\\",\\"AdressePhysique\\":\\"15.15.255\\",\\"data\\":\\"0x  01 a0\\",\\"valeur\\":[1,160],\\"DataPointType\\":\\"1.xxx\\",\\"cmdJeedom\\":\\"La commande n'exites pas\\",\\"datetime\\":\\"03-11-2018 21:42:08\\"}",
    },
    Object {
      "datetime": 1541277735.71,
      "name": "eibd::monitor",
      "option": "{\\"Mode\\":\\"Write\\",\\"AdresseGroupe\\":\\"1\\\\/1\\\\/13\\",\\"AdressePhysique\\":\\"1.1.44\\",\\"data\\":\\"0x  80 08\\",\\"valeur\\":[128,8],\\"DataPointType\\":\\"1.xxx\\",\\"cmdJeedom\\":\\"La commande n'exites pas\\",\\"datetime\\":\\"03-11-2018 21:42:15\\"}",
    },
    Object {
      "datetime": 1541277735.8351,
      "name": "eibd::monitor",
      "option": "{\\"Mode\\":\\"Write\\",\\"AdresseGroupe\\":\\"1\\\\/0\\\\/6\\",\\"AdressePhysique\\":\\"15.15.255\\",\\"data\\":\\"0x  01 ab\\",\\"valeur\\":[1,171],\\"DataPointType\\":\\"1.xxx\\",\\"cmdJeedom\\":\\"La commande n'exites pas\\",\\"datetime\\":\\"03-11-2018 21:42:15\\"}",
    },
    Object {
      "datetime": 1541277736.548,
      "name": "cmd::update",
      "option": Object {
        "cmd_id": "358",
        "collectDate": "2018-11-03 21:42:16",
        "display_value": 5.7,
        "value": 5.7,
        "valueDate": "2018-11-03 21:39:16",
      },
    },
    Object {
      "datetime": 1541277736.5838,
      "name": "eibd::monitor",
      "option": "{\\"Mode\\":\\"Write\\",\\"AdresseGroupe\\":\\"1\\\\/3\\\\/4\\",\\"AdressePhysique\\":\\"1.1.41\\",\\"data\\":\\"0x  02 3a\\",\\"valeur\\":\\"5.7\\\\u00b0C\\",\\"cmdJeedom\\":\\"[Ext\\\\u00e9rieurs][Station M\\\\u00e9t\\\\u00e9o][Temp\\\\u00e9rature]\\",\\"DataPointType\\":\\"9.001\\",\\"datetime\\":\\"03-11-2018 21:42:16\\"}",
    },
    Object {
      "datetime": 1541277736.6034,
      "name": "cmd::update",
      "option": Object {
        "cmd_id": "357",
        "collectDate": "2018-11-03 21:42:16",
        "display_value": 0,
        "value": 0,
        "valueDate": "2018-11-03 19:52:17",
      },
    },
    Object {
      "datetime": 1541277736.6263,
      "name": "eibd::monitor",
      "option": "{\\"Mode\\":\\"Write\\",\\"AdresseGroupe\\":\\"1\\\\/3\\\\/2\\",\\"AdressePhysique\\":\\"1.1.41\\",\\"data\\":\\"0x  00 00\\",\\"valeur\\":\\"0m\\\\/s\\",\\"cmdJeedom\\":\\"[Ext\\\\u00e9rieurs][Station M\\\\u00e9t\\\\u00e9o][Vent]\\",\\"DataPointType\\":\\"9.005\\",\\"datetime\\":\\"03-11-2018 21:42:16\\"}",
    },
    Object {
      "datetime": 1541277736.64,
      "name": "eibd::monitor",
      "option": "{\\"Mode\\":\\"Write\\",\\"AdresseGroupe\\":\\"1\\\\/1\\\\/12\\",\\"AdressePhysique\\":\\"1.1.44\\",\\"data\\":\\"0x  8b 87\\",\\"valeur\\":[139,135],\\"DataPointType\\":\\"1.xxx\\",\\"cmdJeedom\\":\\"La commande n'exites pas\\",\\"datetime\\":\\"03-11-2018 21:42:16\\"}",
    },
    Object {
      "datetime": 1541277740.0254,
      "name": "eibd::monitor",
      "option": "{\\"Mode\\":\\"Write\\",\\"AdresseGroupe\\":\\"1\\\\/0\\\\/4\\",\\"AdressePhysique\\":\\"1.1.6\\",\\"data\\":\\"0x 1\\",\\"valeur\\":1,\\"DataPointType\\":\\"1.xxx\\",\\"cmdJeedom\\":\\"La commande n'exites pas\\",\\"datetime\\":\\"03-11-2018 21:42:20\\"}",
    },
    Object {
      "datetime": 1541277740.0464,
      "name": "eibd::monitor",
      "option": "{\\"Mode\\":\\"Write\\",\\"AdresseGroupe\\":\\"8\\\\/1\\\\/1\\",\\"AdressePhysique\\":\\"1.1.7\\",\\"data\\":\\"0x 0\\",\\"valeur\\":0,\\"DataPointType\\":\\"1.xxx\\",\\"cmdJeedom\\":\\"La commande n'exites pas\\",\\"datetime\\":\\"03-11-2018 21:42:20\\"}",
    },
    Object {
      "datetime": 1541277740.833,
      "name": "eibd::monitor",
      "option": "{\\"Mode\\":\\"Write\\",\\"AdresseGroupe\\":\\"1\\\\/0\\\\/6\\",\\"AdressePhysique\\":\\"15.15.255\\",\\"data\\":\\"0x  01 fa\\",\\"valeur\\":[1,250],\\"DataPointType\\":\\"1.xxx\\",\\"cmdJeedom\\":\\"La commande n'exites pas\\",\\"datetime\\":\\"03-11-2018 21:42:20\\"}",
    },
    Object {
      "datetime": 1541277745.2197,
      "name": "eibd::monitor",
      "option": "{\\"Mode\\":\\"Write\\",\\"AdresseGroupe\\":\\"1\\\\/1\\\\/6\\",\\"AdressePhysique\\":\\"15.15.255\\",\\"data\\":\\"0x  07 6c\\",\\"valeur\\":[7,108],\\"DataPointType\\":\\"1.xxx\\",\\"cmdJeedom\\":\\"La commande n'exites pas\\",\\"datetime\\":\\"03-11-2018 21:42:25\\"}",
    },
    Object {
      "datetime": 1541277745.8387,
      "name": "eibd::monitor",
      "option": "{\\"Mode\\":\\"Write\\",\\"AdresseGroupe\\":\\"1\\\\/0\\\\/6\\",\\"AdressePhysique\\":\\"15.15.255\\",\\"data\\":\\"0x  02 16\\",\\"valeur\\":[2,22],\\"DataPointType\\":\\"1.xxx\\",\\"cmdJeedom\\":\\"La commande n'exites pas\\",\\"datetime\\":\\"03-11-2018 21:42:25\\"}",
    },
    Object {
      "datetime": 1541277750.2989,
      "name": "eibd::monitor",
      "option": "{\\"Mode\\":\\"Write\\",\\"AdresseGroupe\\":\\"1\\\\/1\\\\/9\\",\\"AdressePhysique\\":\\"1.1.31\\",\\"data\\":\\"0x  04 74\\",\\"valeur\\":[4,116],\\"DataPointType\\":\\"1.xxx\\",\\"cmdJeedom\\":\\"La commande n'exites pas\\",\\"datetime\\":\\"03-11-2018 21:42:30\\"}",
    },
    Object {
      "datetime": 1541277753.6645,
      "name": "eibd::monitor",
      "option": "{\\"Mode\\":\\"Write\\",\\"AdresseGroupe\\":\\"1\\\\/0\\\\/6\\",\\"AdressePhysique\\":\\"15.15.255\\",\\"data\\":\\"0x  02 0b\\",\\"valeur\\":[2,11],\\"DataPointType\\":\\"1.xxx\\",\\"cmdJeedom\\":\\"La commande n'exites pas\\",\\"datetime\\":\\"03-11-2018 21:42:33\\"}",
    },
    Object {
      "datetime": 1541277754.7604,
      "name": "cmd::update",
      "option": Object {
        "alertLevel": "none",
        "cmd_id": "367",
        "collectDate": "2018-11-03 21:42:34",
        "display_value": 19.5,
        "value": 19.5,
        "valueDate": "2018-11-03 21:42:34",
      },
    },
    Object {
      "datetime": 1541277754.7796,
      "name": "eibd::monitor",
      "option": "{\\"Mode\\":\\"Write\\",\\"AdresseGroupe\\":\\"1\\\\/1\\\\/7\\",\\"AdressePhysique\\":\\"1.1.27\\",\\"data\\":\\"0x  07 9e\\",\\"valeur\\":\\"19.5\\\\u00b0C\\",\\"cmdJeedom\\":\\"[D\\\\u00e9pendances][Chauffage Chambre Guillaume][Temp\\\\u00e9rature ambiante]\\",\\"DataPointType\\":\\"9.001\\",\\"datetime\\":\\"03-11-2018 21:42:34\\"}",
    },
    Object {
      "datetime": 1541277755.5551,
      "name": "eibd::monitor",
      "option": "{\\"Mode\\":\\"Write\\",\\"AdresseGroupe\\":\\"1\\\\/4\\\\/1\\",\\"AdressePhysique\\":\\"1.1.41\\",\\"data\\":\\"0x 0\\",\\"valeur\\":0,\\"DataPointType\\":\\"1.xxx\\",\\"cmdJeedom\\":\\"La commande n'exites pas\\",\\"datetime\\":\\"03-11-2018 21:42:35\\"}",
    },
    Object {
      "datetime": 1541277758.6336,
      "name": "eibd::monitor",
      "option": "{\\"Mode\\":\\"Write\\",\\"AdresseGroupe\\":\\"1\\\\/0\\\\/6\\",\\"AdressePhysique\\":\\"15.15.255\\",\\"data\\":\\"0x  01 90\\",\\"valeur\\":[1,144],\\"DataPointType\\":\\"1.xxx\\",\\"cmdJeedom\\":\\"La commande n'exites pas\\",\\"datetime\\":\\"03-11-2018 21:42:38\\"}",
    },
    Object {
      "datetime": 1541277763.633,
      "name": "eibd::monitor",
      "option": "{\\"Mode\\":\\"Write\\",\\"AdresseGroupe\\":\\"1\\\\/0\\\\/6\\",\\"AdressePhysique\\":\\"15.15.255\\",\\"data\\":\\"0x  01 1f\\",\\"valeur\\":[1,31],\\"DataPointType\\":\\"1.xxx\\",\\"cmdJeedom\\":\\"La commande n'exites pas\\",\\"datetime\\":\\"03-11-2018 21:42:43\\"}",
    },
    Object {
      "datetime": 1541277765.7066,
      "name": "eibd::monitor",
      "option": "{\\"Mode\\":\\"Write\\",\\"AdresseGroupe\\":\\"1\\\\/1\\\\/13\\",\\"AdressePhysique\\":\\"1.1.44\\",\\"data\\":\\"0x  80 4e\\",\\"valeur\\":[128,78],\\"DataPointType\\":\\"1.xxx\\",\\"cmdJeedom\\":\\"La commande n'exites pas\\",\\"datetime\\":\\"03-11-2018 21:42:45\\"}",
    },
    Object {
      "datetime": 1541277766.6065,
      "name": "eibd::monitor",
      "option": "{\\"Mode\\":\\"Write\\",\\"AdresseGroupe\\":\\"1\\\\/1\\\\/12\\",\\"AdressePhysique\\":\\"1.1.44\\",\\"data\\":\\"0x  8b aa\\",\\"valeur\\":[139,170],\\"DataPointType\\":\\"1.xxx\\",\\"cmdJeedom\\":\\"La commande n'exites pas\\",\\"datetime\\":\\"03-11-2018 21:42:46\\"}",
    },
    Object {
      "datetime": 1541277768.6358,
      "name": "eibd::monitor",
      "option": "{\\"Mode\\":\\"Write\\",\\"AdresseGroupe\\":\\"1\\\\/0\\\\/6\\",\\"AdressePhysique\\":\\"15.15.255\\",\\"data\\":\\"0x  00 e3\\",\\"valeur\\":[0,227],\\"DataPointType\\":\\"1.xxx\\",\\"cmdJeedom\\":\\"La commande n'exites pas\\",\\"datetime\\":\\"03-11-2018 21:42:48\\"}",
    },
    Object {
      "datetime": 1541277769.5426,
      "name": "cmd::update",
      "option": Object {
        "cmd_id": "355",
        "collectDate": "2018-11-03 21:42:49",
        "display_value": 1,
        "value": 1,
        "valueDate": "2018-11-03 18:10:50",
      },
    },
    Object {
      "datetime": 1541277769.5766,
      "name": "eibd::monitor",
      "option": "{\\"Mode\\":\\"Write\\",\\"AdresseGroupe\\":\\"1\\\\/3\\\\/1\\",\\"AdressePhysique\\":\\"1.1.41\\",\\"data\\":\\"0x  00 64\\",\\"valeur\\":\\"1lx\\",\\"cmdJeedom\\":\\"[Ext\\\\u00e9rieurs][Station M\\\\u00e9t\\\\u00e9o][Luminosit\\\\u00e9]\\",\\"DataPointType\\":\\"9.004\\",\\"datetime\\":\\"03-11-2018 21:42:49\\"}",
    },
    Object {
      "datetime": 1541277775.2175,
      "name": "eibd::monitor",
      "option": "{\\"Mode\\":\\"Write\\",\\"AdresseGroupe\\":\\"1\\\\/1\\\\/6\\",\\"AdressePhysique\\":\\"15.15.255\\",\\"data\\":\\"0x  07 62\\",\\"valeur\\":[7,98],\\"DataPointType\\":\\"1.xxx\\",\\"cmdJeedom\\":\\"La commande n'exites pas\\",\\"datetime\\":\\"03-11-2018 21:42:55\\"}",
    },
    Object {
      "datetime": 1541277775.7069,
      "name": "eibd::monitor",
      "option": "{\\"Mode\\":\\"Write\\",\\"AdresseGroupe\\":\\"1\\\\/1\\\\/13\\",\\"AdressePhysique\\":\\"1.1.44\\",\\"data\\":\\"0x  80 80\\",\\"valeur\\":[128,128],\\"DataPointType\\":\\"1.xxx\\",\\"cmdJeedom\\":\\"La commande n'exites pas\\",\\"datetime\\":\\"03-11-2018 21:42:55\\"}",
    },
    Object {
      "datetime": 1541277776.6068,
      "name": "eibd::monitor",
      "option": "{\\"Mode\\":\\"Write\\",\\"AdresseGroupe\\":\\"1\\\\/1\\\\/12\\",\\"AdressePhysique\\":\\"1.1.44\\",\\"data\\":\\"0x  8b d2\\",\\"valeur\\":[139,210],\\"DataPointType\\":\\"1.xxx\\",\\"cmdJeedom\\":\\"La commande n'exites pas\\",\\"datetime\\":\\"03-11-2018 21:42:56\\"}",
    },
    Object {
      "datetime": 1541277776.761,
      "name": "eibd::monitor",
      "option": "{\\"Mode\\":\\"Write\\",\\"AdresseGroupe\\":\\"1\\\\/0\\\\/6\\",\\"AdressePhysique\\":\\"15.15.255\\",\\"data\\":\\"0x  00 ef\\",\\"valeur\\":[0,239],\\"DataPointType\\":\\"1.xxx\\",\\"cmdJeedom\\":\\"La commande n'exites pas\\",\\"datetime\\":\\"03-11-2018 21:42:56\\"}",
    },
    Object {
      "datetime": 1541277777.9916,
      "name": "eibd::monitor",
      "option": "{\\"Mode\\":\\"Write\\",\\"AdresseGroupe\\":\\"1\\\\/1\\\\/5\\",\\"AdressePhysique\\":\\"15.15.255\\",\\"data\\":\\"0x  0c 1f\\",\\"valeur\\":[12,31],\\"DataPointType\\":\\"1.xxx\\",\\"cmdJeedom\\":\\"La commande n'exites pas\\",\\"datetime\\":\\"03-11-2018 21:42:57\\"}",
    },
    Object {
      "datetime": 1541277780.3003,
      "name": "eibd::monitor",
      "option": "{\\"Mode\\":\\"Write\\",\\"AdresseGroupe\\":\\"1\\\\/1\\\\/9\\",\\"AdressePhysique\\":\\"1.1.31\\",\\"data\\":\\"0x  04 6a\\",\\"valeur\\":[4,106],\\"DataPointType\\":\\"1.xxx\\",\\"cmdJeedom\\":\\"La commande n'exites pas\\",\\"datetime\\":\\"03-11-2018 21:43:00\\"}",
    },
    Object {
      "datetime": 1541277781.7285,
      "name": "eibd::monitor",
      "option": "{\\"Mode\\":\\"Write\\",\\"AdresseGroupe\\":\\"1\\\\/0\\\\/6\\",\\"AdressePhysique\\":\\"15.15.255\\",\\"data\\":\\"0x  01 40\\",\\"valeur\\":[1,64],\\"DataPointType\\":\\"1.xxx\\",\\"cmdJeedom\\":\\"La commande n'exites pas\\",\\"datetime\\":\\"03-11-2018 21:43:01\\"}",
    },
    Object {
      "datetime": 1541277782.4691,
      "name": "eqLogic::update",
      "option": Object {
        "eqLogic_id": "91",
      },
    },
    Object {
      "datetime": 1541277782.4795,
      "name": "eqLogic::update",
      "option": Object {
        "eqLogic_id": "92",
      },
    },
    Object {
      "datetime": 1541277782.4904,
      "name": "eqLogic::update",
      "option": Object {
        "eqLogic_id": "90",
      },
    },
    Object {
      "datetime": 1541277782.5156,
      "name": "cmd::update",
      "option": Object {
        "cmd_id": "555",
        "collectDate": "2018-11-03 21:43:02",
        "display_value": "Aucun",
        "value": "Aucun",
        "valueDate": "2018-10-29 00:00:04",
      },
    },
    Object {
      "datetime": 1541277782.5292,
      "name": "cmd::update",
      "option": Object {
        "cmd_id": "556",
        "collectDate": "2018-11-03 21:43:02",
        "display_value": "10:00;11:00;;Arroser les fleurs;55C8BE0F-C10A-45FA-A3BF-6CF66C739657;;1518943899;939 Côte du Geolier82200 MoissacFrance",
        "value": "10:00;11:00;;Arroser les fleurs;55C8BE0F-C10A-45FA-A3BF-6CF66C739657;;1518943899;939 Côte du Geolier82200 MoissacFrance",
        "valueDate": "2018-11-03 00:00:05",
      },
    },
    Object {
      "datetime": 1541277782.54,
      "name": "cmd::update",
      "option": Object {
        "cmd_id": "557",
        "collectDate": "2018-11-03 21:43:02",
        "display_value": "Aucun",
        "value": "Aucun",
        "valueDate": "2018-11-03 00:00:05",
      },
    },
    Object {
      "datetime": 1541277782.5509,
      "name": "cmd::update",
      "option": Object {
        "cmd_id": "558",
        "collectDate": "2018-11-03 21:43:02",
        "display_value": "Aucun",
        "value": "Aucun",
        "valueDate": "2018-11-02 00:00:05",
      },
    },
    Object {
      "datetime": 1541277782.5622,
      "name": "cmd::update",
      "option": Object {
        "cmd_id": "559",
        "collectDate": "2018-11-03 21:43:02",
        "display_value": "Aucun",
        "value": "Aucun",
        "valueDate": "2018-11-01 00:00:05",
      },
    },
    Object {
      "datetime": 1541277782.573,
      "name": "cmd::update",
      "option": Object {
        "cmd_id": "560",
        "collectDate": "2018-11-03 21:43:02",
        "display_value": "Aucun",
        "value": "Aucun",
        "valueDate": "2018-10-31 00:00:05",
      },
    },
    Object {
      "datetime": 1541277782.5839,
      "name": "cmd::update",
      "option": Object {
        "cmd_id": "561",
        "collectDate": "2018-11-03 21:43:02",
        "display_value": "Aucun",
        "value": "Aucun",
        "valueDate": "2018-10-30 00:00:05",
      },
    },
    Object {
      "datetime": 1541277782.5943,
      "name": "eqLogic::update",
      "option": Object {
        "eqLogic_id": "97",
      },
    },
    Object {
      "datetime": 1541277784.7534,
      "name": "eibd::monitor",
      "option": "{\\"Mode\\":\\"Write\\",\\"AdresseGroupe\\":\\"4\\\\/3\\\\/1\\",\\"AdressePhysique\\":\\"1.1.27\\",\\"data\\":\\"0x 0\\",\\"valeur\\":0,\\"DataPointType\\":\\"1.xxx\\",\\"cmdJeedom\\":\\"La commande n'exites pas\\",\\"datetime\\":\\"03-11-2018 21:43:04\\"}",
    },
    Object {
      "datetime": 1541277784.7764,
      "name": "eibd::monitor",
      "option": "{\\"Mode\\":\\"Write\\",\\"AdresseGroupe\\":\\"4\\\\/4\\\\/4\\",\\"AdressePhysique\\":\\"1.1.24\\",\\"data\\":\\"0x 0\\",\\"valeur\\":0,\\"DataPointType\\":\\"1.xxx\\",\\"cmdJeedom\\":\\"La commande n'exites pas\\",\\"datetime\\":\\"03-11-2018 21:43:04\\"}",
    },
    Object {
      "datetime": 1541277786.6112,
      "name": "eibd::monitor",
      "option": "{\\"Mode\\":\\"Write\\",\\"AdresseGroupe\\":\\"1\\\\/1\\\\/12\\",\\"AdressePhysique\\":\\"1.1.44\\",\\"data\\":\\"0x  8b af\\",\\"valeur\\":[139,175],\\"DataPointType\\":\\"1.xxx\\",\\"cmdJeedom\\":\\"La commande n'exites pas\\",\\"datetime\\":\\"03-11-2018 21:43:06\\"}",
    },
    Object {
      "datetime": 1541277786.7593,
      "name": "eibd::monitor",
      "option": "{\\"Mode\\":\\"Write\\",\\"AdresseGroupe\\":\\"1\\\\/0\\\\/6\\",\\"AdressePhysique\\":\\"15.15.255\\",\\"data\\":\\"0x  01 35\\",\\"valeur\\":[1,53],\\"DataPointType\\":\\"1.xxx\\",\\"cmdJeedom\\":\\"La commande n'exites pas\\",\\"datetime\\":\\"03-11-2018 21:43:06\\"}",
    },
    Object {
      "datetime": 1541277791.7365,
      "name": "eibd::monitor",
      "option": "{\\"Mode\\":\\"Write\\",\\"AdresseGroupe\\":\\"1\\\\/0\\\\/6\\",\\"AdressePhysique\\":\\"15.15.255\\",\\"data\\":\\"0x  00 d4\\",\\"valeur\\":[0,212],\\"DataPointType\\":\\"1.xxx\\",\\"cmdJeedom\\":\\"La commande n'exites pas\\",\\"datetime\\":\\"03-11-2018 21:43:11\\"}",
    },
    Object {
      "datetime": 1541277795.7074,
      "name": "eibd::monitor",
      "option": "{\\"Mode\\":\\"Write\\",\\"AdresseGroupe\\":\\"1\\\\/1\\\\/13\\",\\"AdressePhysique\\":\\"1.1.44\\",\\"data\\":\\"0x  8b ff\\",\\"valeur\\":[139,255],\\"DataPointType\\":\\"1.xxx\\",\\"cmdJeedom\\":\\"La commande n'exites pas\\",\\"datetime\\":\\"03-11-2018 21:43:15\\"}",
    },
    Object {
      "datetime": 1541277796.55,
      "name": "cmd::update",
      "option": Object {
        "alertLevel": "none",
        "cmd_id": "358",
        "collectDate": "2018-11-03 21:43:16",
        "display_value": 5.6,
        "value": 5.6,
        "valueDate": "2018-11-03 21:43:16",
      },
    },
    Object {
      "datetime": 1541277796.5899,
      "name": "eibd::monitor",
      "option": "{\\"Mode\\":\\"Write\\",\\"AdresseGroupe\\":\\"1\\\\/3\\\\/4\\",\\"AdressePhysique\\":\\"1.1.41\\",\\"data\\":\\"0x  02 30\\",\\"valeur\\":\\"5.6\\\\u00b0C\\",\\"cmdJeedom\\":\\"[Ext\\\\u00e9rieurs][Station M\\\\u00e9t\\\\u00e9o][Temp\\\\u00e9rature]\\",\\"DataPointType\\":\\"9.001\\",\\"datetime\\":\\"03-11-2018 21:43:16\\"}",
    },
    Object {
      "datetime": 1541277796.6222,
      "name": "cmd::update",
      "option": Object {
        "cmd_id": "357",
        "collectDate": "2018-11-03 21:43:16",
        "display_value": 0,
        "value": 0,
        "valueDate": "2018-11-03 19:52:17",
      },
    },
    Object {
      "datetime": 1541277796.6631,
      "name": "eibd::monitor",
      "option": "{\\"Mode\\":\\"Write\\",\\"AdresseGroupe\\":\\"1\\\\/3\\\\/2\\",\\"AdressePhysique\\":\\"1.1.41\\",\\"data\\":\\"0x  00 00\\",\\"valeur\\":\\"0m\\\\/s\\",\\"cmdJeedom\\":\\"[Ext\\\\u00e9rieurs][Station M\\\\u00e9t\\\\u00e9o][Vent]\\",\\"DataPointType\\":\\"9.005\\",\\"datetime\\":\\"03-11-2018 21:43:16\\"}",
    },
    Object {
      "datetime": 1541277796.68,
      "name": "eibd::monitor",
      "option": "{\\"Mode\\":\\"Write\\",\\"AdresseGroupe\\":\\"1\\\\/1\\\\/12\\",\\"AdressePhysique\\":\\"1.1.44\\",\\"data\\":\\"0x  8b 82\\",\\"valeur\\":[139,130],\\"DataPointType\\":\\"1.xxx\\",\\"cmdJeedom\\":\\"La commande n'exites pas\\",\\"datetime\\":\\"03-11-2018 21:43:16\\"}",
    },
    Object {
      "datetime": 1541277797.5807,
      "name": "eibd::monitor",
      "option": "{\\"Mode\\":\\"Write\\",\\"AdresseGroupe\\":\\"1\\\\/0\\\\/6\\",\\"AdressePhysique\\":\\"15.15.255\\",\\"data\\":\\"0x  00 df\\",\\"valeur\\":[0,223],\\"DataPointType\\":\\"1.xxx\\",\\"cmdJeedom\\":\\"La commande n'exites pas\\",\\"datetime\\":\\"03-11-2018 21:43:17\\"}",
    },
  ],
}
`;

exports[`jeedom-node api ping 1`] = `"pong"`;

exports[`jeedom-node api version 1`] = `"3.2.11"`;
